Component: ARM Compiler 5.06 update 1 (build 61) Tool: armlink [4d35a8]

==============================================================================

Section Cross References

    startup_stm32f401xe.o(STACK) refers (Special) to heapauxi.o(.text) for __use_two_region_memory
    startup_stm32f401xe.o(HEAP) refers (Special) to heapauxi.o(.text) for __use_two_region_memory
    startup_stm32f401xe.o(RESET) refers (Special) to heapauxi.o(.text) for __use_two_region_memory
    startup_stm32f401xe.o(RESET) refers to startup_stm32f401xe.o(STACK) for __initial_sp
    startup_stm32f401xe.o(RESET) refers to startup_stm32f401xe.o(.text) for Reset_Handler
    startup_stm32f401xe.o(RESET) refers to stm32f4xx_it.o(i.NMI_Handler) for NMI_Handler
    startup_stm32f401xe.o(RESET) refers to stm32f4xx_it.o(i.HardFault_Handler) for HardFault_Handler
    startup_stm32f401xe.o(RESET) refers to stm32f4xx_it.o(i.MemManage_Handler) for MemManage_Handler
    startup_stm32f401xe.o(RESET) refers to stm32f4xx_it.o(i.BusFault_Handler) for BusFault_Handler
    startup_stm32f401xe.o(RESET) refers to stm32f4xx_it.o(i.UsageFault_Handler) for UsageFault_Handler
    startup_stm32f401xe.o(RESET) refers to stm32f4xx_it.o(i.SVC_Handler) for SVC_Handler
    startup_stm32f401xe.o(RESET) refers to stm32f4xx_it.o(i.DebugMon_Handler) for DebugMon_Handler
    startup_stm32f401xe.o(RESET) refers to stm32f4xx_it.o(i.PendSV_Handler) for PendSV_Handler
    startup_stm32f401xe.o(RESET) refers to stm32f4xx_it.o(i.SysTick_Handler) for SysTick_Handler
    startup_stm32f401xe.o(RESET) refers to stm32f4xx_it.o(i.TIM1_UP_TIM10_IRQHandler) for TIM1_UP_TIM10_IRQHandler
    startup_stm32f401xe.o(RESET) refers to stm32f4xx_it.o(i.TIM4_IRQHandler) for TIM4_IRQHandler
    startup_stm32f401xe.o(.text) refers (Special) to heapauxi.o(.text) for __use_two_region_memory
    startup_stm32f401xe.o(.text) refers to system_stm32f4xx.o(i.SystemInit) for SystemInit
    startup_stm32f401xe.o(.text) refers to __main.o(!!!main) for __main
    startup_stm32f401xe.o(.text) refers to startup_stm32f401xe.o(HEAP) for Heap_Mem
    startup_stm32f401xe.o(.text) refers to startup_stm32f401xe.o(STACK) for Stack_Mem
    user_main.o(i._Z10user_setups) refers to pidautotuner.o(i._ZN12PIDAutotuner19setTargetInputValueEf) for PIDAutotuner::setTargetInputValue(float)
    user_main.o(i._Z10user_setups) refers to pidautotuner.o(i._ZN12PIDAutotuner15setLoopIntervalEl) for PIDAutotuner::setLoopInterval(long)
    user_main.o(i._Z10user_setups) refers to pidautotuner.o(i._ZN12PIDAutotuner14setOutputRangeEff) for PIDAutotuner::setOutputRange(float, float)
    user_main.o(i._Z10user_setups) refers to pidautotuner.o(i._ZN12PIDAutotuner9setZNModeENS_6ZNModeE) for PIDAutotuner::setZNMode(PIDAutotuner::ZNMode)
    user_main.o(i._Z10user_setups) refers to pidautotuner.o(i._ZN12PIDAutotuner15setTuningCyclesEi) for PIDAutotuner::setTuningCycles(int)
    user_main.o(i._Z10user_setups) refers to main.o(i.micros) for micros
    user_main.o(i._Z10user_setups) refers to pidautotuner.o(i._ZN12PIDAutotuner15startTuningLoopEm) for PIDAutotuner::startTuningLoop(unsigned long)
    user_main.o(i._Z10user_setups) refers to amt103_encoder.o(i.AMT103_GetPulse) for AMT103_GetPulse
    user_main.o(i._Z10user_setups) refers to dflt_clz.o(x$fpl$dflt) for __aeabi_i2d
    user_main.o(i._Z10user_setups) refers to d2f.o(x$fpl$d2f) for __aeabi_d2f
    user_main.o(i._Z10user_setups) refers to pidautotuner.o(i._ZN12PIDAutotuner7tunePIDEfm) for PIDAutotuner::tunePID(float, unsigned long)
    user_main.o(i._Z10user_setups) refers to f2d.o(x$fpl$f2d) for __aeabi_f2d
    user_main.o(i._Z10user_setups) refers to dfix.o(x$fpl$dfix) for __aeabi_d2iz
    user_main.o(i._Z10user_setups) refers to vnh5019.o(i.VNH5019_Run) for VNH5019_Run
    user_main.o(i._Z10user_setups) refers to stm32f4xx_hal.o(i.HAL_Delay) for HAL_Delay
    user_main.o(i._Z10user_setups) refers to pidautotuner.o(i._ZN12PIDAutotuner10isFinishedEv) for PIDAutotuner::isFinished()
    user_main.o(i._Z10user_setups) refers to pidautotuner.o(i._ZN12PIDAutotuner5getKpEv) for PIDAutotuner::getKp()
    user_main.o(i._Z10user_setups) refers to pidautotuner.o(i._ZN12PIDAutotuner5getKiEv) for PIDAutotuner::getKi()
    user_main.o(i._Z10user_setups) refers to pidautotuner.o(i._ZN12PIDAutotuner5getKdEv) for PIDAutotuner::getKd()
    user_main.o(i._Z10user_setups) refers to user_main.o(.bss) for .bss
    user_main.o(i._Z10user_setups) refers to user_main.o(.data) for .data
    user_main.o(i.__sti___13_user_main_cpp_tuner) refers to pidautotuner.o(i._ZN12PIDAutotunerC1Ev) for PIDAutotuner::PIDAutotuner()
    user_main.o(i.__sti___13_user_main_cpp_tuner) refers to user_main.o(.bss) for .bss
    user_main.o(.ARM.exidx) refers to user_main.o(i._Z10user_setups) for i._Z10user_setups
    user_main.o(.ARM.exidx) refers to user_main.o(i._Z9user_loopv) for i._Z9user_loopv
    user_main.o(.ARM.exidx) refers to user_main.o(i.__sti___13_user_main_cpp_tuner) for i.__sti___13_user_main_cpp_tuner
[...]
    Removing stm32f4xx_hal_exti.o(i.HAL_EXTI_GenerateSWI), (20 bytes).
    Removing stm32f4xx_hal_exti.o(i.HAL_EXTI_GetConfigLine), (148 bytes).
    Removing stm32f4xx_hal_exti.o(i.HAL_EXTI_GetHandle), (12 bytes).
    Removing stm32f4xx_hal_exti.o(i.HAL_EXTI_GetPending), (24 bytes).
    Removing stm32f4xx_hal_exti.o(i.HAL_EXTI_IRQHandler), (36 bytes).
    Removing stm32f4xx_hal_exti.o(i.HAL_EXTI_SetConfigLine), (168 bytes).
    Removing stm32f4xx_hal_exti.o(i._Z25HAL_EXTI_RegisterCallbackP18EXTI_HandleTypeDef22EXTI_CallbackIDTypeDefPFvvE), (14 bytes).
    Removing stm32f4xx_hal_exti.o(.ARM.exidx), (8 bytes).
    Removing stm32f4xx_hal_exti.o(.ARM.exidx), (8 bytes).
    Removing stm32f4xx_hal_exti.o(.ARM.exidx), (8 bytes).
    Removing stm32f4xx_hal_exti.o(.ARM.exidx), (8 bytes).
    Removing stm32f4xx_hal_exti.o(.ARM.exidx), (8 bytes).
    Removing stm32f4xx_hal_exti.o(.ARM.exidx), (8 bytes).
    Removing stm32f4xx_hal_exti.o(.ARM.exidx), (8 bytes).
    Removing stm32f4xx_hal_exti.o(.ARM.exidx), (8 bytes).
    Removing stm32f4xx_hal_exti.o(.ARM.exidx), (8 bytes).
    Removing system_stm32f4xx.o(.rev16_text), (4 bytes).
    Removing system_stm32f4xx.o(.revsh_text), (4 bytes).
    Removing system_stm32f4xx.o(.rrx_text), (6 bytes).
    Removing system_stm32f4xx.o(.ARM.exidx), (8 bytes).
    Removing system_stm32f4xx.o(.ARM.exidx), (8 bytes).
    Removing system_stm32f4xx.o(.constdata), (8 bytes).
    Removing vnh5019.o(.rev16_text), (4 bytes).
    Removing vnh5019.o(.revsh_text), (4 bytes).
    Removing vnh5019.o(.rrx_text), (6 bytes).
    Removing vnh5019.o(.ARM.exidx), (8 bytes).
    Removing vnh5019.o(.ARM.exidx), (8 bytes).
    Removing amt103_encoder.o(.rev16_text), (4 bytes).
    Removing amt103_encoder.o(.revsh_text), (4 bytes).
    Removing amt103_encoder.o(.rrx_text), (6 bytes).
    Removing amt103_encoder.o(.ARM.exidx), (8 bytes).
    Removing amt103_encoder.o(.ARM.exidx), (8 bytes).
    Removing amt103_encoder.o(.ARM.exidx), (8 bytes).
    Removing tesla.o(.rev16_text), (4 bytes).
    Removing tesla.o(.revsh_text), (4 bytes).
    Removing tesla.o(.rrx_text), (6 bytes).
    Removing tesla.o(i.Control_Angle), (64 bytes).
    Removing tesla.o(.ARM.exidx), (8 bytes).
    Removing tesla.o(.ARM.exidx), (8 bytes).
    Removing tesla.o(.ARM.exidx), (8 bytes).
    Removing kalman.o(.rev16_text), (4 bytes).
    Removing kalman.o(.revsh_text), (4 bytes).
    Removing kalman.o(.rrx_text), (6 bytes).
    Removing kalman.o(i.KalmanFilter_Init), (6 bytes).
    Removing kalman.o(i.updateEstimate), (156 bytes).
    Removing kalman.o(.ARM.exidx), (8 bytes).
    Removing kalman.o(.ARM.exidx), (8 bytes).
    Removing math_functions.o(.rev16_text), (4 bytes).
    Removing math_functions.o(.revsh_text), (4 bytes).
    Removing math_functions.o(.rrx_text), (6 bytes).
    Removing math_functions.o(i.map), (26 bytes).
    Removing math_functions.o(.ARM.exidx), (8 bytes).
    Removing pid.o(.rev16_text), (4 bytes).
    Removing pid.o(.revsh_text), (4 bytes).
    Removing pid.o(.rrx_text), (6 bytes).
    Removing pid.o(.ARM.exidx), (8 bytes).
    Removing pid.o(.ARM.exidx), (8 bytes).
    Removing pid.o(.ARM.exidx), (8 bytes).
    Removing pidautotuner.o(.rev16_text), (4 bytes).
    Removing pidautotuner.o(.revsh_text), (4 bytes).
    Removing pidautotuner.o(.rrx_text), (6 bytes).
    Removing pidautotuner.o(i._ZN12PIDAutotuner10isFinishedEv), (16 bytes).
    Removing pidautotuner.o(i._ZN12PIDAutotuner14setOutputRangeEff), (10 bytes).
    Removing pidautotuner.o(i._ZN12PIDAutotuner15setLoopIntervalEl), (14 bytes).
    Removing pidautotuner.o(i._ZN12PIDAutotuner15setTuningCyclesEi), (4 bytes).
    Removing pidautotuner.o(i._ZN12PIDAutotuner15startTuningLoopEm), (72 bytes).
    Removing pidautotuner.o(i._ZN12PIDAutotuner19setTargetInputValueEf), (6 bytes).
    Removing pidautotuner.o(i._ZN12PIDAutotuner5getKdEv), (6 bytes).
    Removing pidautotuner.o(i._ZN12PIDAutotuner5getKiEv), (6 bytes).
    Removing pidautotuner.o(i._ZN12PIDAutotuner5getKpEv), (6 bytes).
    Removing pidautotuner.o(i._ZN12PIDAutotuner7tunePIDEfm), (500 bytes).
    Removing pidautotuner.o(i._ZN12PIDAutotuner8getCycleEv), (4 bytes).
    Removing pidautotuner.o(i._ZN12PIDAutotuner9setZNModeENS_6ZNModeE), (4 bytes).
    Removing pidautotuner.o(.ARM.exidx), (8 bytes).
    Removing pidautotuner.o(.ARM.exidx), (8 bytes).
    Removing pidautotuner.o(.ARM.exidx), (8 bytes).
    Removing pidautotuner.o(.ARM.exidx), (8 bytes).
    Removing pidautotuner.o(.ARM.exidx), (8 bytes).
    Removing pidautotuner.o(.ARM.exidx), (8 bytes).
    Removing pidautotuner.o(.ARM.exidx), (8 bytes).
    Removing pidautotuner.o(.ARM.exidx), (8 bytes).
    Removing pidautotuner.o(.ARM.exidx), (8 bytes).
    Removing pidautotuner.o(.ARM.exidx), (8 bytes).
    Removing pidautotuner.o(.ARM.exidx), (8 bytes).
    Removing pidautotuner.o(.ARM.exidx), (8 bytes).
    Removing pidautotuner.o(.ARM.exidx), (8 bytes).
    Removing tesla.o(.ARM.exidx), (8 bytes).

761 unused section(s) (total 28744 bytes) removed from the image.

==============================================================================

Image Symbol Table

    Local Symbols

    Symbol Name                              Value     Ov Type        Size  Object(Section)

    ../Core/Src/gpio.c                       0x00000000   Number         0  gpio.o ABSOLUTE
    ../Core/Src/main.c                       0x00000000   Number         0  main.o ABSOLUTE
    ../Core/Src/stm32f4xx_hal_msp.c          0x00000000   Number         0  stm32f4xx_hal_msp.o ABSOLUTE
    ../Core/Src/stm32f4xx_it.c               0x00000000   Number         0  stm32f4xx_it.o ABSOLUTE
    ../Core/Src/system_stm32f4xx.c           0x00000000   Number         0  system_stm32f4xx.o ABSOLUTE
    ../Core/Src/tim.c                        0x00000000   Number         0  tim.o ABSOLUTE
    ../Drivers/STM32F4xx_HAL_Driver/Src/stm32f4xx_hal.c 0x00000000   Number         0  stm32f4xx_hal.o ABSOLUTE
    ../Drivers/STM32F4xx_HAL_Driver/Src/stm32f4xx_hal_cortex.c 0x00000000   Number         0  stm32f4xx_hal_cortex.o ABSOLUTE
    ../Drivers/STM32F4xx_HAL_Driver/Src/stm32f4xx_hal_dma.c 0x00000000   Number         0  stm32f4xx_hal_dma.o ABSOLUTE
    ../Drivers/STM32F4xx_HAL_Driver/Src/stm32f4xx_hal_dma_ex.c 0x00000000   Number         0  stm32f4xx_hal_dma_ex.o ABSOLUTE
    ../Drivers/STM32F4xx_HAL_Driver/Src/stm32f4xx_hal_exti.c 0x00000000   Number         0  stm32f4xx_hal_exti.o ABSOLUTE
    ../Drivers/STM32F4xx_HAL_Driver/Src/stm32f4xx_hal_flash.c 0x00000000   Number         0  stm32f4xx_hal_flash.o ABSOLUTE
    ../Drivers/STM32F4xx_HAL_Driver/Src/stm32f4xx_hal_flash_ex.c 0x00000000   Number         0  stm32f4xx_hal_flash_ex.o ABSOLUTE
    ../Drivers/STM32F4xx_HAL_Driver/Src/stm32f4xx_hal_flash_ramfunc.c 0x00000000   Number         0  stm32f4xx_hal_flash_ramfunc.o ABSOLUTE
    ../Drivers/STM32F4xx_HAL_Driver/Src/stm32f4xx_hal_gpio.c 0x00000000   Number         0  stm32f4xx_hal_gpio.o ABSOLUTE
    ../Drivers/STM32F4xx_HAL_Driver/Src/stm32f4xx_hal_pwr.c 0x00000000   Number         0  stm32f4xx_hal_pwr.o ABSOLUTE
    ../Drivers/STM32F4xx_HAL_Driver/Src/stm32f4xx_hal_pwr_ex.c 0x00000000   Number         0  stm32f4xx_hal_pwr_ex.o ABSOLUTE
    ../Drivers/STM32F4xx_HAL_Driver/Src/stm32f4xx_hal_rcc.c 0x00000000   Number         0  stm32f4xx_hal_rcc.o ABSOLUTE
    ../Drivers/STM32F4xx_HAL_Driver/Src/stm32f4xx_hal_rcc_ex.c 0x00000000   Number         0  stm32f4xx_hal_rcc_ex.o ABSOLUTE
    ../Drivers/STM32F4xx_HAL_Driver/Src/stm32f4xx_hal_tim.c 0x00000000   Number         0  stm32f4xx_hal_tim.o ABSOLUTE
    ../Drivers/STM32F4xx_HAL_Driver/Src/stm32f4xx_hal_tim_ex.c 0x00000000   Number         0  stm32f4xx_hal_tim_ex.o ABSOLUTE
    ../clib/angel/boardlib.s                 0x00000000   Number         0  boardinit3.o ABSOLUTE
    ../clib/angel/boardlib.s                 0x00000000   Number         0  boardinit2.o ABSOLUTE
    ../clib/angel/boardlib.s                 0x00000000   Number         0  boardinit1.o ABSOLUTE
    ../clib/angel/boardlib.s                 0x00000000   Number         0  boardshut.o ABSOLUTE
    ../clib/angel/handlers.s                 0x00000000   Number         0  __scatter_zi.o ABSOLUTE
    ../clib/angel/handlers.s                 0x00000000   Number         0  __scatter_copy.o ABSOLUTE
    ../clib/angel/kernel.s                   0x00000000   Number         0  rtexit2.o ABSOLUTE
    ../clib/angel/kernel.s                   0x00000000   Number         0  __rtentry2.o ABSOLUTE
    ../clib/angel/kernel.s                   0x00000000   Number         0  __rtentry.o ABSOLUTE
    ../clib/angel/kernel.s                   0x00000000   Number         0  rtexit.o ABSOLUTE
    ../clib/angel/kernel.s                   0x00000000   Number         0  __rtentry4.o ABSOLUTE
    ../clib/angel/rt.s                       0x00000000   Number         0  rt_div0.o ABSOLUTE
    ../clib/angel/rt.s                       0x00000000   Number         0  rt_raise.o ABSOLUTE
    ../clib/angel/rt.s                       0x00000000   Number         0  aeabi_ldiv0_sigfpe.o ABSOLUTE
    ../clib/angel/rt.s                       0x00000000   Number         0  aeabi_ldiv0.o ABSOLUTE
    ../clib/angel/scatter.s                  0x00000000   Number         0  __scatter.o ABSOLUTE
    ../clib/angel/startup.s                  0x00000000   Number         0  __main.o ABSOLUTE
    ../clib/angel/sys.s                      0x00000000   Number         0  indicate_semi.o ABSOLUTE
    ../clib/angel/sys.s                      0x00000000   Number         0  use_no_semi.o ABSOLUTE
    ../clib/angel/sys.s                      0x00000000   Number         0  sys_stackheap_outer.o ABSOLUTE
    ../clib/angel/sys.s                      0x00000000   Number         0  libspace.o ABSOLUTE
    ../clib/angel/sysapp.c                   0x00000000   Number         0  sys_exit.o ABSOLUTE
    ../clib/angel/sysapp.c                   0x00000000   Number         0  sys_command.o ABSOLUTE
    ../clib/angel/sysapp.c                   0x00000000   Number         0  sys_wrch.o ABSOLUTE
    ../clib/arm_runtime.c                    0x00000000   Number         0  init_aeabi.o ABSOLUTE
    ../clib/arm_runtime.c                    0x00000000   Number         0  init_aeabi.o ABSOLUTE
    ../clib/armsys.c                         0x00000000   Number         0  argv_veneer.o ABSOLUTE
    ../clib/armsys.c                         0x00000000   Number         0  argv_veneer.o ABSOLUTE
    ../clib/armsys.c                         0x00000000   Number         0  no_argv.o ABSOLUTE
    ../clib/armsys.c                         0x00000000   Number         0  _get_argv_nomalloc.o ABSOLUTE
    ../clib/heapalloc.c                      0x00000000   Number         0  hrguard.o ABSOLUTE
    ../clib/heapaux.c                        0x00000000   Number         0  heapauxi.o ABSOLUTE
    ../clib/libinit.s                        0x00000000   Number         0  libinit2.o ABSOLUTE
    ../clib/libinit.s                        0x00000000   Number         0  libinit.o ABSOLUTE
    ../clib/libinit.s                        0x00000000   Number         0  libshutdown2.o ABSOLUTE
    ../clib/libinit.s                        0x00000000   Number         0  libshutdown.o ABSOLUTE
    ../clib/longlong.s                       0x00000000   Number         0  lludivv7m.o ABSOLUTE
    ../clib/memcpset.s                       0x00000000   Number         0  rt_memclr_w.o ABSOLUTE
    ../clib/signal.c                         0x00000000   Number         0  defsig_fpe_formal.o ABSOLUTE
    ../clib/signal.c                         0x00000000   Number         0  defsig_rtmem_formal.o ABSOLUTE
    ../clib/signal.c                         0x00000000   Number         0  defsig_abrt_inner.o ABSOLUTE
    ../clib/signal.c                         0x00000000   Number         0  defsig_other.o ABSOLUTE
    ../clib/signal.c                         0x00000000   Number         0  defsig_exit.o ABSOLUTE
    ../clib/signal.c                         0x00000000   Number         0  defsig_segv_inner.o ABSOLUTE
    ../clib/signal.c                         0x00000000   Number         0  defsig_pvfn_inner.o ABSOLUTE
    ../clib/signal.c                         0x00000000   Number         0  defsig_general.o ABSOLUTE
    ../clib/signal.c                         0x00000000   Number         0  __raise.o ABSOLUTE
    ../clib/signal.c                         0x00000000   Number         0  defsig_fpe_inner.o ABSOLUTE
    ../clib/signal.c                         0x00000000   Number         0  defsig_cppl_inner.o ABSOLUTE
    ../clib/signal.c                         0x00000000   Number         0  defsig_rtmem_outer.o ABSOLUTE
    ../clib/signal.c                         0x00000000   Number         0  defsig_fpe_outer.o ABSOLUTE
    ../clib/signal.c                         0x00000000   Number         0  defsig_stak_inner.o ABSOLUTE
    ../clib/signal.c                         0x00000000   Number         0  defsig_rtred_inner.o ABSOLUTE
    ../clib/signal.c                         0x00000000   Number         0  defsig_rtmem_inner.o ABSOLUTE
    ../clib/signal.s                         0x00000000   Number         0  defsig.o ABSOLUTE
    ../clib/stdlib.c                         0x00000000   Number         0  exit.o ABSOLUTE
    ../fplib/d2f.s                           0x00000000   Number         0  d2f.o ABSOLUTE
    ../fplib/daddsub.s                       0x00000000   Number         0  daddsub_clz.o ABSOLUTE
    ../fplib/ddiv.s                          0x00000000   Number         0  ddiv.o ABSOLUTE
    ../fplib/dfix.s                          0x00000000   Number         0  dfix.o ABSOLUTE
    ../fplib/dfixu.s                         0x00000000   Number         0  dfixu.o ABSOLUTE
    ../fplib/dflt.s                          0x00000000   Number         0  dflt_clz.o ABSOLUTE
    ../fplib/dmul.s                          0x00000000   Number         0  dmul.o ABSOLUTE
    ../fplib/dnaninf.s                       0x00000000   Number         0  dnaninf.o ABSOLUTE
    ../fplib/dretinf.s                       0x00000000   Number         0  dretinf.o ABSOLUTE
    ../fplib/f2d.s                           0x00000000   Number         0  f2d.o ABSOLUTE
    ../fplib/fnaninf.s                       0x00000000   Number         0  fnaninf.o ABSOLUTE
    ../fplib/fpinit.s                        0x00000000   Number         0  fpinit.o ABSOLUTE
    ../fplib/fretinf.s                       0x00000000   Number         0  fretinf.o ABSOLUTE
    ../fplib/usenofp.s                       0x00000000   Number         0  usenofp.o ABSOLUTE
    ..\Core\Src\gpio.c                       0x00000000   Number         0  gpio.o ABSOLUTE
    ..\Core\Src\main.c                       0x00000000   Number         0  main.o ABSOLUTE
    ..\Core\Src\stm32f4xx_hal_msp.c          0x00000000   Number         0  stm32f4xx_hal_msp.o ABSOLUTE
    ..\Core\Src\stm32f4xx_it.c               0x00000000   Number         0  stm32f4xx_it.o ABSOLUTE
    ..\Core\Src\system_stm32f4xx.c           0x00000000   Number         0  system_stm32f4xx.o ABSOLUTE
    ..\Core\Src\tim.c                        0x00000000   Number         0  tim.o ABSOLUTE
    ..\Drivers\HARDWARE\AMT103_ENCODER\amt103_encoder.c 0x00000000   Number         0  amt103_encoder.o ABSOLUTE
    ..\Drivers\HARDWARE\VNH5019\vnh5019.c    0x00000000   Number         0  vnh5019.o ABSOLUTE
    ..\Drivers\SOFTWARE\CONTROLLER\tesla.c   0x00000000   Number         0  tesla.o ABSOLUTE
    ..\Drivers\SOFTWARE\FILTER\kalman.c      0x00000000   Number         0  kalman.o ABSOLUTE
    ..\Drivers\SOFTWARE\FUNCTIONS\math_functions.c 0x00000000   Number         0  math_functions.o ABSOLUTE
    ..\Drivers\SOFTWARE\PIDAUTOTUNER\pidautotuner.cpp 0x00000000   Number         0  pidautotuner.o ABSOLUTE
    ..\Drivers\SOFTWARE\PID\pid.c            0x00000000   Number         0  pid.o ABSOLUTE
    ..\Drivers\STM32F4xx_HAL_Driver\Src\stm32f4xx_hal.c 0x00000000   Number         0  stm32f4xx_hal.o ABSOLUTE
    ..\Drivers\STM32F4xx_HAL_Driver\Src\stm32f4xx_hal_cortex.c 0x00000000   Number         0  stm32f4xx_hal_cortex.o ABSOLUTE
    ..\Drivers\STM32F4xx_HAL_Driver\Src\stm32f4xx_hal_dma.c 0x00000000   Number         0  stm32f4xx_hal_dma.o ABSOLUTE
    ..\Drivers\STM32F4xx_HAL_Driver\Src\stm32f4xx_hal_dma_ex.c 0x00000000   Number         0  stm32f4xx_hal_dma_ex.o ABSOLUTE
    ..\Drivers\STM32F4xx_HAL_Driver\Src\stm32f4xx_hal_exti.c 0x00000000   Number         0  stm32f4xx_hal_exti.o ABSOLUTE
    ..\Drivers\STM32F4xx_HAL_Driver\Src\stm32f4xx_hal_flash.c 0x00000000   Number         0  stm32f4xx_hal_flash.o ABSOLUTE
    ..\Drivers\STM32F4xx_HAL_Driver\Src\stm32f4xx_hal_flash_ex.c 0x00000000   Number         0  stm32f4xx_hal_flash_ex.o ABSOLUTE
    ..\Drivers\STM32F4xx_HAL_Driver\Src\stm32f4xx_hal_flash_ramfunc.c 0x00000000   Number         0  stm32f4xx_hal_flash_ramfunc.o ABSOLUTE
    ..\Drivers\STM32F4xx_HAL_Driver\Src\stm32f4xx_hal_gpio.c 0x00000000   Number         0  stm32f4xx_hal_gpio.o ABSOLUTE
    ..\Drivers\STM32F4xx_HAL_Driver\Src\stm32f4xx_hal_pwr.c 0x00000000   Number         0  stm32f4xx_hal_pwr.o ABSOLUTE
    ..\Drivers\STM32F4xx_HAL_Driver\Src\stm32f4xx_hal_pwr_ex.c 0x00000000   Number         0  stm32f4xx_hal_pwr_ex.o ABSOLUTE
    ..\Drivers\STM32F4xx_HAL_Driver\Src\stm32f4xx_hal_rcc.c 0x00000000   Number         0  stm32f4xx_hal_rcc.o ABSOLUTE
    ..\Drivers\STM32F4xx_HAL_Driver\Src\stm32f4xx_hal_rcc_ex.c 0x00000000   Number         0  stm32f4xx_hal_rcc_ex.o ABSOLUTE
    ..\Drivers\STM32F4xx_HAL_Driver\Src\stm32f4xx_hal_tim.c 0x00000000   Number         0  stm32f4xx_hal_tim.o ABSOLUTE
    ..\Drivers\STM32F4xx_HAL_Driver\Src\stm32f4xx_hal_tim_ex.c 0x00000000   Number         0  stm32f4xx_hal_tim_ex.o ABSOLUTE
    ..\Src\user_main.cpp                     0x00000000   Number         0  user_main.o ABSOLUTE
    ..\\Drivers\\HARDWARE\\AMT103_ENCODER\\amt103_encoder.c 0x00000000   Number         0  amt103_encoder.o ABSOLUTE
    ..\\Drivers\\HARDWARE\\VNH5019\\vnh5019.c 0x00000000   Number         0  vnh5019.o ABSOLUTE
    ..\\Drivers\\SOFTWARE\\CONTROLLER\\tesla.c 0x00000000   Number         0  tesla.o ABSOLUTE
    ..\\Drivers\\SOFTWARE\\FILTER\\kalman.c  0x00000000   Number         0  kalman.o ABSOLUTE
    ..\\Drivers\\SOFTWARE\\FUNCTIONS\\math_functions.c 0x00000000   Number         0  math_functions.o ABSOLUTE
    ..\\Drivers\\SOFTWARE\\PIDAUTOTUNER\\pidautotuner.cpp 0x00000000   Number         0  pidautotuner.o ABSOLUTE
    ..\\Drivers\\SOFTWARE\\PID\\pid.c        0x00000000   Number         0  pid.o ABSOLUTE
    ..\\Src\\user_main.cpp                   0x00000000   Number         0  user_main.o ABSOLUTE
    dc.s                                     0x00000000   Number         0  dc.o ABSOLUTE
    startup_stm32f401xe.s                    0x00000000   Number         0  startup_stm32f401xe.o ABSOLUTE
    RESET                                    0x08000000   Section      404  startup_stm32f401xe.o(RESET)
    !!!main                                  0x08000194   Section        8  __main.o(!!!main)
    !!!scatter                               0x0800019c   Section       52  __scatter.o(!!!scatter)
    !!handler_copy                           0x080001d0   Section       26  __scatter_copy.o(!!handler_copy)
    !!handler_zi                             0x080001ec   Section       28  __scatter_zi.o(!!handler_zi)
    .ARM.Collect$$libinit$$00000000          0x08000208   Section        2  libinit.o(.ARM.Collect$$libinit$$00000000)
    .ARM.Collect$$libinit$$00000001          0x0800020a   Section        4  libinit2.o(.ARM.Collect$$libinit$$00000001)
    .ARM.Collect$$libinit$$00000004          0x0800020e   Section        0  libinit2.o(.ARM.Collect$$libinit$$00000004)
    .ARM.Collect$$libinit$$0000000A          0x0800020e   Section        0  libinit2.o(.ARM.Collect$$libinit$$0000000A)
    .ARM.Collect$$libinit$$0000000C          0x0800020e   Section        0  libinit2.o(.ARM.Collect$$libinit$$0000000C)
    .ARM.Collect$$libinit$$0000000E          0x0800020e   Section        0  libinit2.o(.ARM.Collect$$libinit$$0000000E)
    .ARM.Collect$$libinit$$00000011          0x0800020e   Section        0  libinit2.o(.ARM.Collect$$libinit$$00000011)
    .ARM.Collect$$libinit$$00000013          0x0800020e   Section        0  libinit2.o(.ARM.Collect$$libinit$$00000013)
    .ARM.Collect$$libinit$$00000015          0x0800020e   Section        0  libinit2.o(.ARM.Collect$$libinit$$00000015)
    .ARM.Collect$$libinit$$00000017          0x0800020e   Section        0  libinit2.o(.ARM.Collect$$libinit$$00000017)
    .ARM.Collect$$libinit$$00000019          0x0800020e   Section        0  libinit2.o(.ARM.Collect$$libinit$$00000019)
    .ARM.Collect$$libinit$$0000001B          0x0800020e   Section        0  libinit2.o(.ARM.Collect$$libinit$$0000001B)
    .ARM.Collect$$libinit$$0000001D          0x0800020e   Section        0  libinit2.o(.ARM.Collect$$libinit$$0000001D)
    .ARM.Collect$$libinit$$0000001F          0x0800020e   Section        0  libinit2.o(.ARM.Collect$$libinit$$0000001F)
    .ARM.Collect$$libinit$$00000021          0x0800020e   Section        0  libinit2.o(.ARM.Collect$$libinit$$00000021)
    .ARM.Collect$$libinit$$00000023          0x0800020e   Section        0  libinit2.o(.ARM.Collect$$libinit$$00000023)
    .ARM.Collect$$libinit$$00000025          0x0800020e   Section        0  libinit2.o(.ARM.Collect$$libinit$$00000025)
    .ARM.Collect$$libinit$$0000002C          0x0800020e   Section        0  libinit2.o(.ARM.Collect$$libinit$$0000002C)
    .ARM.Collect$$libinit$$0000002E          0x0800020e   Section        0  libinit2.o(.ARM.Collect$$libinit$$0000002E)
    .ARM.Collect$$libinit$$00000030          0x0800020e   Section        0  libinit2.o(.ARM.Collect$$libinit$$00000030)
    .ARM.Collect$$libinit$$00000031          0x0800020e   Section        4  libinit2.o(.ARM.Collect$$libinit$$00000031)
    .ARM.Collect$$libinit$$00000032          0x08000212   Section        0  libinit2.o(.ARM.Collect$$libinit$$00000032)
    .ARM.Collect$$libinit$$00000033          0x08000212   Section        2  libinit2.o(.ARM.Collect$$libinit$$00000033)
    .ARM.Collect$$libshutdown$$00000000      0x08000214   Section        2  libshutdown.o(.ARM.Collect$$libshutdown$$00000000)
    .ARM.Collect$$libshutdown$$00000002      0x08000216   Section        0  libshutdown2.o(.ARM.Collect$$libshutdown$$00000002)
    .ARM.Collect$$libshutdown$$00000004      0x08000216   Section        0  libshutdown2.o(.ARM.Collect$$libshutdown$$00000004)
    .ARM.Collect$$libshutdown$$00000007      0x08000216   Section        0  libshutdown2.o(.ARM.Collect$$libshutdown$$00000007)
    .ARM.Collect$$libshutdown$$0000000A      0x08000216   Section        0  libshutdown2.o(.ARM.Collect$$libshutdown$$0000000A)
    .ARM.Collect$$libshutdown$$0000000C      0x08000216   Section        0  libshutdown2.o(.ARM.Collect$$libshutdown$$0000000C)
    .ARM.Collect$$libshutdown$$0000000F      0x08000216   Section        0  libshutdown2.o(.ARM.Collect$$libshutdown$$0000000F)
    .ARM.Collect$$libshutdown$$00000010      0x08000216   Section        2  libshutdown2.o(.ARM.Collect$$libshutdown$$00000010)
    .ARM.Collect$$rtentry$$00000000          0x08000218   Section        0  __rtentry.o(.ARM.Collect$$rtentry$$00000000)
    .ARM.Collect$$rtentry$$00000002          0x08000218   Section        0  __rtentry2.o(.ARM.Collect$$rtentry$$00000002)
    .ARM.Collect$$rtentry$$00000004          0x08000218   Section        6  __rtentry4.o(.ARM.Collect$$rtentry$$00000004)
    .ARM.Collect$$rtentry$$00000009          0x0800021e   Section        0  __rtentry2.o(.ARM.Collect$$rtentry$$00000009)
    .ARM.Collect$$rtentry$$0000000A          0x0800021e   Section        4  __rtentry2.o(.ARM.Collect$$rtentry$$0000000A)
    .ARM.Collect$$rtentry$$0000000C          0x08000222   Section        0  __rtentry2.o(.ARM.Collect$$rtentry$$0000000C)
    .ARM.Collect$$rtentry$$0000000D          0x08000222   Section        8  __rtentry2.o(.ARM.Collect$$rtentry$$0000000D)
    .ARM.Collect$$rtexit$$00000000           0x0800022a   Section        2  rtexit.o(.ARM.Collect$$rtexit$$00000000)
    .ARM.Collect$$rtexit$$00000002           0x0800022c   Section        0  rtexit2.o(.ARM.Collect$$rtexit$$00000002)
    .ARM.Collect$$rtexit$$00000003           0x0800022c   Section        4  rtexit2.o(.ARM.Collect$$rtexit$$00000003)
    .ARM.Collect$$rtexit$$00000004           0x08000230   Section        6  rtexit2.o(.ARM.Collect$$rtexit$$00000004)
    .text                                    0x08000238   Section       64  startup_stm32f401xe.o(.text)
    $v0                                      0x08000238   Number         0  startup_stm32f401xe.o(.text)
    .text                                    0x08000278   Section      238  lludivv7m.o(.text)
    .text                                    0x08000366   Section       78  rt_memclr_w.o(.text)
    .text                                    0x080003b4   Section        0  heapauxi.o(.text)
    .text                                    0x080003bc   Section        0  init_aeabi.o(.text)
    .text                                    0x080003e0   Section       74  sys_stackheap_outer.o(.text)
    .text                                    0x0800042a   Section        0  exit.o(.text)
    .text                                    0x0800043c   Section        8  libspace.o(.text)
    .text                                    0x08000444   Section        0  sys_exit.o(.text)
    .text                                    0x08000450   Section        2  use_no_semi.o(.text)
    .text                                    0x08000452   Section        0  indicate_semi.o(.text)
    i.AMT103_GetPulse                        0x08000454   Section        0  amt103_encoder.o(i.AMT103_GetPulse)
    i.AMT103_Init                            0x0800048c   Section        0  amt103_encoder.o(i.AMT103_Init)
    i.BusFault_Handler                       0x080004b8   Section        0  stm32f4xx_it.o(i.BusFault_Handler)
    i.DebugMon_Handler                       0x080004ba   Section        0  stm32f4xx_it.o(i.DebugMon_Handler)
    i.Error_Handler                          0x080004bc   Section        0  main.o(i.Error_Handler)
    i.HAL_GPIO_Init                          0x080004c0   Section        0  stm32f4xx_hal_gpio.o(i.HAL_GPIO_Init)
    i.HAL_GPIO_TogglePin                     0x080006a0   Section        0  stm32f4xx_hal_gpio.o(i.HAL_GPIO_TogglePin)
    i.HAL_GPIO_WritePin                      0x080006b0   Section        0  stm32f4xx_hal_gpio.o(i.HAL_GPIO_WritePin)
    i.HAL_GetTick                            0x080006bc   Section        0  stm32f4xx_hal.o(i.HAL_GetTick)
    i.HAL_IncTick                            0x080006c8   Section        0  stm32f4xx_hal.o(i.HAL_IncTick)
    i.HAL_Init                               0x080006d8   Section        0  stm32f4xx_hal.o(i.HAL_Init)
    i.HAL_InitTick                           0x0800070c   Section        0  stm32f4xx_hal.o(i.HAL_InitTick)
    i.HAL_MspInit                            0x0800074c   Section        0  stm32f4xx_hal_msp.o(i.HAL_MspInit)
    i.HAL_NVIC_EnableIRQ                     0x0800077c   Section        0  stm32f4xx_hal_cortex.o(i.HAL_NVIC_EnableIRQ)
    i.HAL_NVIC_SetPriority                   0x08000798   Section        0  stm32f4xx_hal_cortex.o(i.HAL_NVIC_SetPriority)
    i.HAL_NVIC_SetPriorityGrouping           0x080007d8   Section        0  stm32f4xx_hal_cortex.o(i.HAL_NVIC_SetPriorityGrouping)
    i.HAL_RCC_ClockConfig                    0x080007fc   Section        0  stm32f4xx_hal_rcc.o(i.HAL_RCC_ClockConfig)
    i.HAL_RCC_GetSysClockFreq                0x08000930   Section        0  stm32f4xx_hal_rcc.o(i.HAL_RCC_GetSysClockFreq)
    i.HAL_RCC_OscConfig                      0x08000990   Section        0  stm32f4xx_hal_rcc.o(i.HAL_RCC_OscConfig)
    i.HAL_SYSTICK_Config                     0x08000cfc   Section        0  stm32f4xx_hal_cortex.o(i.HAL_SYSTICK_Config)
    i.HAL_TIMEx_BreakCallback                0x08000d24   Section        0  stm32f4xx_hal_tim_ex.o(i.HAL_TIMEx_BreakCallback)
    i.HAL_TIMEx_CommutCallback               0x08000d26   Section        0  stm32f4xx_hal_tim_ex.o(i.HAL_TIMEx_CommutCallback)
    i.HAL_TIMEx_MasterConfigSynchronization  0x08000d28   Section        0  stm32f4xx_hal_tim_ex.o(i.HAL_TIMEx_MasterConfigSynchronization)
    i.HAL_TIM_Base_Init                      0x08000da4   Section        0  stm32f4xx_hal_tim.o(i.HAL_TIM_Base_Init)
    i.HAL_TIM_Base_MspInit                   0x08000e00   Section        0  tim.o(i.HAL_TIM_Base_MspInit)
    i.HAL_TIM_Base_Start_IT                  0x08000e70   Section        0  stm32f4xx_hal_tim.o(i.HAL_TIM_Base_Start_IT)
    i.HAL_TIM_ConfigClockSource              0x08000edc   Section        0  stm32f4xx_hal_tim.o(i.HAL_TIM_ConfigClockSource)
    i.HAL_TIM_Encoder_Init                   0x08000fb8   Section        0  stm32f4xx_hal_tim.o(i.HAL_TIM_Encoder_Init)
    i.HAL_TIM_Encoder_MspInit                0x0800105c   Section        0  tim.o(i.HAL_TIM_Encoder_MspInit)
    i.HAL_TIM_Encoder_Start                  0x080010d4   Section        0  stm32f4xx_hal_tim.o(i.HAL_TIM_Encoder_Start)
    i.HAL_TIM_IC_CaptureCallback             0x08001162   Section        0  stm32f4xx_hal_tim.o(i.HAL_TIM_IC_CaptureCallback)
    i.HAL_TIM_IRQHandler                     0x08001164   Section        0  stm32f4xx_hal_tim.o(i.HAL_TIM_IRQHandler)
    i.HAL_TIM_MspPostInit                    0x080012cc   Section        0  tim.o(i.HAL_TIM_MspPostInit)
    i.HAL_TIM_OC_DelayElapsedCallback        0x08001348   Section        0  stm32f4xx_hal_tim.o(i.HAL_TIM_OC_DelayElapsedCallback)
    i.HAL_TIM_PWM_ConfigChannel              0x0800134a   Section        0  stm32f4xx_hal_tim.o(i.HAL_TIM_PWM_ConfigChannel)
    i.HAL_TIM_PWM_Init                       0x08001416   Section        0  stm32f4xx_hal_tim.o(i.HAL_TIM_PWM_Init)
    i.HAL_TIM_PWM_MspInit                    0x08001470   Section        0  stm32f4xx_hal_tim.o(i.HAL_TIM_PWM_MspInit)
    i.HAL_TIM_PWM_PulseFinishedCallback      0x08001472   Section        0  stm32f4xx_hal_tim.o(i.HAL_TIM_PWM_PulseFinishedCallback)
    i.HAL_TIM_PWM_Start                      0x08001474   Section        0  stm32f4xx_hal_tim.o(i.HAL_TIM_PWM_Start)
    i.HAL_TIM_PeriodElapsedCallback          0x08001524   Section        0  main.o(i.HAL_TIM_PeriodElapsedCallback)
    i.HAL_TIM_TriggerCallback                0x080015a4   Section        0  stm32f4xx_hal_tim.o(i.HAL_TIM_TriggerCallback)
    i.HardFault_Handler                      0x080015a6   Section        0  stm32f4xx_it.o(i.HardFault_Handler)
    i.MX_GPIO_Init                           0x080015a8   Section        0  gpio.o(i.MX_GPIO_Init)
    i.MX_TIM1_Init                           0x08001664   Section        0  tim.o(i.MX_TIM1_Init)
    i.MX_TIM2_Init                           0x080016d0   Section        0  tim.o(i.MX_TIM2_Init)
    i.MX_TIM3_Init                           0x08001764   Section        0  tim.o(i.MX_TIM3_Init)
    i.MX_TIM4_Init                           0x08001800   Section        0  tim.o(i.MX_TIM4_Init)
    i.MemManage_Handler                      0x0800186c   Section        0  stm32f4xx_it.o(i.MemManage_Handler)
    i.NMI_Handler                            0x0800186e   Section        0  stm32f4xx_it.o(i.NMI_Handler)
    i.OverFlow                               0x08001870   Section        0  amt103_encoder.o(i.OverFlow)
    i.PID_Init                               0x08001890   Section        0  pid.o(i.PID_Init)
    i.PID_Process                            0x080018a4   Section        0  pid.o(i.PID_Process)
    i.PID_Reset                              0x08001988   Section        0  pid.o(i.PID_Reset)
    i.PendSV_Handler                         0x080019a0   Section        0  stm32f4xx_it.o(i.PendSV_Handler)
    i.Run                                    0x080019a4   Section        0  tesla.o(i.Run)
    i.SVC_Handler                            0x080019f4   Section        0  stm32f4xx_it.o(i.SVC_Handler)
    i.SysTick_Handler                        0x080019f8   Section        0  stm32f4xx_it.o(i.SysTick_Handler)
    i.SystemCoreClockUpdate                  0x08001a0c   Section        0  system_stm32f4xx.o(i.SystemCoreClockUpdate)
    i.SystemInit                             0x08001a84   Section        0  system_stm32f4xx.o(i.SystemInit)
    i.TIM1_UP_TIM10_IRQHandler               0x08001a94   Section        0  stm32f4xx_it.o(i.TIM1_UP_TIM10_IRQHandler)
    i.TIM4_IRQHandler                        0x08001aa0   Section        0  stm32f4xx_it.o(i.TIM4_IRQHandler)
    i.TIM_Base_SetConfig                     0x08001aac   Section        0  stm32f4xx_hal_tim.o(i.TIM_Base_SetConfig)
    i.TIM_CCxChannelCmd                      0x08001b44   Section        0  stm32f4xx_hal_tim.o(i.TIM_CCxChannelCmd)
    i.TIM_ETR_SetConfig                      0x08001b5e   Section        0  stm32f4xx_hal_tim.o(i.TIM_ETR_SetConfig)
    i.TIM_OC2_SetConfig                      0x08001b74   Section        0  stm32f4xx_hal_tim.o(i.TIM_OC2_SetConfig)
    i.UsageFault_Handler                     0x08001bcc   Section        0  stm32f4xx_it.o(i.UsageFault_Handler)
    i.VNH5019_Init                           0x08001bd0   Section        0  vnh5019.o(i.VNH5019_Init)
    i.VNH5019_Run                            0x08001c00   Section        0  vnh5019.o(i.VNH5019_Run)
    i._Z12AccelerationfPfff                  0x08001c40   Section        0  tesla.o(i._Z12AccelerationfPfff)
    i._Z18SystemClock_Configv                0x08001d44   Section        0  main.o(i._Z18SystemClock_Configv)
    i._ZN12PIDAutotunerC1Ev                  0x08001dd8   Section        0  pidautotuner.o(i._ZN12PIDAutotunerC1Ev)
    i._ZN41_INTERNAL_19_stm32f4xx_hal_tim_c_a9d95b5217TIM_OC1_SetConfigEP11TIM_TypeDefP18TIM_OC_InitTypeDef 0x08001df4   Section        0  stm32f4xx_hal_tim.o(i._ZN41_INTERNAL_19_stm32f4xx_hal_tim_c_a9d95b5217TIM_OC1_SetConfigEP11TIM_TypeDefP18TIM_OC_InitTypeDef)
    [local to stm32f4xx_hal_tim_c]::TIM_OC1_SetConfig(TIM_TypeDef*, TIM_OC_InitTypeDef*) 0x08001df5   Thumb Code    74  stm32f4xx_hal_tim.o(i._ZN41_INTERNAL_19_stm32f4xx_hal_tim_c_a9d95b5217TIM_OC1_SetConfigEP11TIM_TypeDefP18TIM_OC_InitTypeDef)
    i._ZN41_INTERNAL_19_stm32f4xx_hal_tim_c_a9d95b5217TIM_OC3_SetConfigEP11TIM_TypeDefP18TIM_OC_InitTypeDef 0x08001e44   Section        0  stm32f4xx_hal_tim.o(i._ZN41_INTERNAL_19_stm32f4xx_hal_tim_c_a9d95b5217TIM_OC3_SetConfigEP11TIM_TypeDefP18TIM_OC_InitTypeDef)
    [local to stm32f4xx_hal_tim_c]::TIM_OC3_SetConfig(TIM_TypeDef*, TIM_OC_InitTypeDef*) 0x08001e45   Thumb Code    82  stm32f4xx_hal_tim.o(i._ZN41_INTERNAL_19_stm32f4xx_hal_tim_c_a9d95b5217TIM_OC3_SetConfigEP11TIM_TypeDefP18TIM_OC_InitTypeDef)
    i._ZN41_INTERNAL_19_stm32f4xx_hal_tim_c_a9d95b5217TIM_OC4_SetConfigEP11TIM_TypeDefP18TIM_OC_InitTypeDef 0x08001e9c   Section        0  stm32f4xx_hal_tim.o(i._ZN41_INTERNAL_19_stm32f4xx_hal_tim_c_a9d95b5217TIM_OC4_SetConfigEP11TIM_TypeDefP18TIM_OC_InitTypeDef)
    [local to stm32f4xx_hal_tim_c]::TIM_OC4_SetConfig(TIM_TypeDef*, TIM_OC_InitTypeDef*) 0x08001e9d   Thumb Code    64  stm32f4xx_hal_tim.o(i._ZN41_INTERNAL_19_stm32f4xx_hal_tim_c_a9d95b5217TIM_OC4_SetConfigEP11TIM_TypeDefP18TIM_OC_InitTypeDef)
    i._ZN41_INTERNAL_19_stm32f4xx_hal_tim_c_a9d95b5218TIM_ITRx_SetConfigEP11TIM_TypeDefj 0x08001ee0   Section        0  stm32f4xx_hal_tim.o(i._ZN41_INTERNAL_19_stm32f4xx_hal_tim_c_a9d95b5218TIM_ITRx_SetConfigEP11TIM_TypeDefj)
    [local to stm32f4xx_hal_tim_c]::TIM_ITRx_SetConfig(TIM_TypeDef*, unsigned) 0x08001ee1   Thumb Code    16  stm32f4xx_hal_tim.o(i._ZN41_INTERNAL_19_stm32f4xx_hal_tim_c_a9d95b5218TIM_ITRx_SetConfigEP11TIM_TypeDefj)
    i._ZN41_INTERNAL_19_stm32f4xx_hal_tim_c_a9d95b5224TIM_TI1_ConfigInputStageEP11TIM_TypeDefjj 0x08001ef0   Section        0  stm32f4xx_hal_tim.o(i._ZN41_INTERNAL_19_stm32f4xx_hal_tim_c_a9d95b5224TIM_TI1_ConfigInputStageEP11TIM_TypeDefjj)
    [local to stm32f4xx_hal_tim_c]::TIM_TI1_ConfigInputStage(TIM_TypeDef*, unsigned, unsigned) 0x08001ef1   Thumb Code    34  stm32f4xx_hal_tim.o(i._ZN41_INTERNAL_19_stm32f4xx_hal_tim_c_a9d95b5224TIM_TI1_ConfigInputStageEP11TIM_TypeDefjj)
    i._ZN41_INTERNAL_19_stm32f4xx_hal_tim_c_a9d95b5224TIM_TI2_ConfigInputStageEP11TIM_TypeDefjj 0x08001f12   Section        0  stm32f4xx_hal_tim.o(i._ZN41_INTERNAL_19_stm32f4xx_hal_tim_c_a9d95b5224TIM_TI2_ConfigInputStageEP11TIM_TypeDefjj)
    [local to stm32f4xx_hal_tim_c]::TIM_TI2_ConfigInputStage(TIM_TypeDef*, unsigned, unsigned) 0x08001f13   Thumb Code    36  stm32f4xx_hal_tim.o(i._ZN41_INTERNAL_19_stm32f4xx_hal_tim_c_a9d95b5224TIM_TI2_ConfigInputStageEP11TIM_TypeDefjj)
    i._ZN44_INTERNAL_22_stm32f4xx_hal_cortex_c_2992dbc018__NVIC_SetPriorityE9IRQn_Typej 0x08001f36   Section        0  stm32f4xx_hal_cortex.o(i._ZN44_INTERNAL_22_stm32f4xx_hal_cortex_c_2992dbc018__NVIC_SetPriorityE9IRQn_Typej)
    [local to stm32f4xx_hal_cortex_c]::__NVIC_SetPriority(IRQn_Type, unsigned) 0x08001f37   Thumb Code    32  stm32f4xx_hal_cortex.o(i._ZN44_INTERNAL_22_stm32f4xx_hal_cortex_c_2992dbc018__NVIC_SetPriorityE9IRQn_Typej)
    i._ZSt4fabsf                             0x08001f56   Section        0  tesla.o(i._ZSt4fabsf)
    i.__sti___13_user_main_cpp_tuner         0x08001f5c   Section        0  user_main.o(i.__sti___13_user_main_cpp_tuner)
    __sti___13_user_main_cpp_tuner           0x08001f5d   Thumb Code     6  user_main.o(i.__sti___13_user_main_cpp_tuner)
    i.main                                   0x08001f68   Section        0  main.o(i.main)
    x$fpl$d2f                                0x08002018   Section       98  d2f.o(x$fpl$d2f)
    $v0                                      0x08002018   Number         0  d2f.o(x$fpl$d2f)
    x$fpl$dadd                               0x0800207c   Section      336  daddsub_clz.o(x$fpl$dadd)
    $v0                                      0x0800207c   Number         0  daddsub_clz.o(x$fpl$dadd)
    _dadd1                                   0x0800208d   Thumb Code     0  daddsub_clz.o(x$fpl$dadd)
    x$fpl$dmul                               0x080021cc   Section      340  dmul.o(x$fpl$dmul)
    $v0                                      0x080021cc   Number         0  dmul.o(x$fpl$dmul)
    x$fpl$dnaninf                            0x08002320   Section      156  dnaninf.o(x$fpl$dnaninf)
    $v0                                      0x08002320   Number         0  dnaninf.o(x$fpl$dnaninf)
    x$fpl$dretinf                            0x080023bc   Section       12  dretinf.o(x$fpl$dretinf)
    $v0                                      0x080023bc   Number         0  dretinf.o(x$fpl$dretinf)
    x$fpl$dsub                               0x080023c8   Section      468  daddsub_clz.o(x$fpl$dsub)
    $v0                                      0x080023c8   Number         0  daddsub_clz.o(x$fpl$dsub)
    _dsub1                                   0x080023d9   Thumb Code     0  daddsub_clz.o(x$fpl$dsub)
    x$fpl$f2d                                0x0800259c   Section       86  f2d.o(x$fpl$f2d)
    $v0                                      0x0800259c   Number         0  f2d.o(x$fpl$f2d)
    x$fpl$fnaninf                            0x080025f2   Section      140  fnaninf.o(x$fpl$fnaninf)
    $v0                                      0x080025f2   Number         0  fnaninf.o(x$fpl$fnaninf)
    x$fpl$fpinit                             0x0800267e   Section       10  fpinit.o(x$fpl$fpinit)
    $v0                                      0x0800267e   Number         0  fpinit.o(x$fpl$fpinit)
    x$fpl$fretinf                            0x08002688   Section       10  fretinf.o(x$fpl$fretinf)
    $v0                                      0x08002688   Number         0  fretinf.o(x$fpl$fretinf)
    .constdata                               0x08002692   Section       16  system_stm32f4xx.o(.constdata)
    x$fpl$usenofp                            0x08002692   Section        0  usenofp.o(x$fpl$usenofp)
    .init_array                              0x080026c4   Section        4  user_main.o(.init_array)
    .init_array                              0x080026c8   Section        0  init_aeabi.o(.init_array)
    .data                                    0x20000000   Section       32  user_main.o(.data)
    .data                                    0x20000020   Section        8  main.o(.data)
    .data                                    0x20000028   Section       12  stm32f4xx_hal.o(.data)
    .data                                    0x20000034   Section        4  system_stm32f4xx.o(.data)
    .data                                    0x20000038   Section       16  amt103_encoder.o(.data)
    .data                                    0x20000048   Section       16  tesla.o(.data)
    .bss                                     0x20000058   Section       88  user_main.o(.bss)
    .bss                                     0x200000b0   Section       48  main.o(.bss)
    .bss                                     0x200000e0   Section      288  tim.o(.bss)
    .bss                                     0x20000200   Section       96  libspace.o(.bss)
    HEAP                                     0x20000260   Section      512  startup_stm32f401xe.o(HEAP)
    Heap_Mem                                 0x20000260   Data         512  startup_stm32f401xe.o(HEAP)
    STACK                                    0x20000460   Section     1024  startup_stm32f401xe.o(STACK)
    Stack_Mem                                0x20000460   Data        1024  startup_stm32f401xe.o(STACK)
    __initial_sp                             0x20000860   Data           0  startup_stm32f401xe.o(STACK)

    Global Symbols

    Symbol Name                              Value     Ov Type        Size  Object(Section)

    BuildAttributes$$THM_ISAv4$E$P$D$K$B$S$7EM$VFPi3$EXTD16$VFPS$VFMA$PE$A:L22UL41UL21$X:L11$S22US41US21$IEEE1$IW$USESV6$~STKCKD$USESV7$~SHL$OSPACE$ROPI$EBA8$UX$STANDARDLIB$REQ8$PRES8$EABIv2 0x00000000   Number         0  anon$$obj.o ABSOLUTE
    __ARM_use_no_argv                        0x00000000   Number         0  main.o ABSOLUTE
    __ARM_exceptions_init                     - Undefined Weak Reference
    __alloca_initialize                       - Undefined Weak Reference
    __arm_preinit_                            - Undefined Weak Reference
    __cxa_finalize                            - Undefined Weak Reference
    __rt_locale                               - Undefined Weak Reference
    __sigvec_lookup                           - Undefined Weak Reference
    _atexit_init                              - Undefined Weak Reference
    _call_atexit_fns                          - Undefined Weak Reference
    _clock_init                               - Undefined Weak Reference
    _fp_trap_init                             - Undefined Weak Reference
    _fp_trap_shutdown                         - Undefined Weak Reference
    _get_lc_collate                           - Undefined Weak Reference
    _get_lc_ctype                             - Undefined Weak Reference
    _get_lc_monetary                          - Undefined Weak Reference
    _get_lc_numeric                           - Undefined Weak Reference
    _get_lc_time                              - Undefined Weak Reference
    _getenv_init                              - Undefined Weak Reference
    _handle_redirection                       - Undefined Weak Reference
    _init_alloc                               - Undefined Weak Reference
    _init_user_alloc                          - Undefined Weak Reference
    _initio                                   - Undefined Weak Reference
    _rand_init                                - Undefined Weak Reference
    _signal_finish                            - Undefined Weak Reference
    _signal_init                              - Undefined Weak Reference
    _terminate_alloc                          - Undefined Weak Reference
    _terminate_user_alloc                     - Undefined Weak Reference
    _terminateio                              - Undefined Weak Reference
    __Vectors_Size                           0x00000194   Number         0  startup_stm32f401xe.o ABSOLUTE
    __Vectors                                0x08000000   Data           4  startup_stm32f401xe.o(RESET)
    __Vectors_End                            0x08000194   Data           0  startup_stm32f401xe.o(RESET)
    __main                                   0x08000195   Thumb Code     8  __main.o(!!!main)
    __scatterload                            0x0800019d   Thumb Code     0  __scatter.o(!!!scatter)
    __scatterload_rt2                        0x0800019d   Thumb Code    44  __scatter.o(!!!scatter)
    __scatterload_rt2_thumb_only             0x0800019d   Thumb Code     0  __scatter.o(!!!scatter)
    __scatterload_null                       0x080001ab   Thumb Code     0  __scatter.o(!!!scatter)
    __scatterload_copy                       0x080001d1   Thumb Code    26  __scatter_copy.o(!!handler_copy)
    __scatterload_zeroinit                   0x080001ed   Thumb Code    28  __scatter_zi.o(!!handler_zi)
    __rt_lib_init                            0x08000209   Thumb Code     0  libinit.o(.ARM.Collect$$libinit$$00000000)
    __rt_lib_init_fp_1                       0x0800020b   Thumb Code     0  libinit2.o(.ARM.Collect$$libinit$$00000001)
    __rt_lib_init_alloca_1                   0x0800020f   Thumb Code     0  libinit2.o(.ARM.Collect$$libinit$$0000002E)
    __rt_lib_init_argv_1                     0x0800020f   Thumb Code     0  libinit2.o(.ARM.Collect$$libinit$$0000002C)
    __rt_lib_init_atexit_1                   0x0800020f   Thumb Code     0  libinit2.o(.ARM.Collect$$libinit$$0000001B)
    __rt_lib_init_clock_1                    0x0800020f   Thumb Code     0  libinit2.o(.ARM.Collect$$libinit$$00000021)
    __rt_lib_init_cpp_2                      0x0800020f   Thumb Code     0  libinit2.o(.ARM.Collect$$libinit$$00000031)
    __rt_lib_init_exceptions_1               0x0800020f   Thumb Code     0  libinit2.o(.ARM.Collect$$libinit$$00000030)
    __rt_lib_init_fp_trap_1                  0x0800020f   Thumb Code     0  libinit2.o(.ARM.Collect$$libinit$$0000001F)
    __rt_lib_init_getenv_1                   0x0800020f   Thumb Code     0  libinit2.o(.ARM.Collect$$libinit$$00000023)
    __rt_lib_init_heap_1                     0x0800020f   Thumb Code     0  libinit2.o(.ARM.Collect$$libinit$$0000000A)
    __rt_lib_init_lc_collate_1               0x0800020f   Thumb Code     0  libinit2.o(.ARM.Collect$$libinit$$00000011)
    __rt_lib_init_lc_ctype_1                 0x0800020f   Thumb Code     0  libinit2.o(.ARM.Collect$$libinit$$00000013)
    __rt_lib_init_lc_monetary_1              0x0800020f   Thumb Code     0  libinit2.o(.ARM.Collect$$libinit$$00000015)
    __rt_lib_init_lc_numeric_1               0x0800020f   Thumb Code     0  libinit2.o(.ARM.Collect$$libinit$$00000017)
    __rt_lib_init_lc_time_1                  0x0800020f   Thumb Code     0  libinit2.o(.ARM.Collect$$libinit$$00000019)
    __rt_lib_init_preinit_1                  0x0800020f   Thumb Code     0  libinit2.o(.ARM.Collect$$libinit$$00000004)
    __rt_lib_init_rand_1                     0x0800020f   Thumb Code     0  libinit2.o(.ARM.Collect$$libinit$$0000000E)
    __rt_lib_init_signal_1                   0x0800020f   Thumb Code     0  libinit2.o(.ARM.Collect$$libinit$$0000001D)
    __rt_lib_init_stdio_1                    0x0800020f   Thumb Code     0  libinit2.o(.ARM.Collect$$libinit$$00000025)
    __rt_lib_init_user_alloc_1               0x0800020f   Thumb Code     0  libinit2.o(.ARM.Collect$$libinit$$0000000C)
    __rt_lib_init_cpp_1                      0x08000213   Thumb Code     0  libinit2.o(.ARM.Collect$$libinit$$00000032)
    __rt_lib_init_return                     0x08000213   Thumb Code     0  libinit2.o(.ARM.Collect$$libinit$$00000033)
    __rt_lib_shutdown                        0x08000215   Thumb Code     0  libshutdown.o(.ARM.Collect$$libshutdown$$00000000)
    __rt_lib_shutdown_cpp_1                  0x08000217   Thumb Code     0  libshutdown2.o(.ARM.Collect$$libshutdown$$00000002)
    __rt_lib_shutdown_fp_trap_1              0x08000217   Thumb Code     0  libshutdown2.o(.ARM.Collect$$libshutdown$$00000007)
    __rt_lib_shutdown_heap_1                 0x08000217   Thumb Code     0  libshutdown2.o(.ARM.Collect$$libshutdown$$0000000F)
    __rt_lib_shutdown_return                 0x08000217   Thumb Code     0  libshutdown2.o(.ARM.Collect$$libshutdown$$00000010)
    __rt_lib_shutdown_signal_1               0x08000217   Thumb Code     0  libshutdown2.o(.ARM.Collect$$libshutdown$$0000000A)
    __rt_lib_shutdown_stdio_1                0x08000217   Thumb Code     0  libshutdown2.o(.ARM.Collect$$libshutdown$$00000004)
    __rt_lib_shutdown_user_alloc_1           0x08000217   Thumb Code     0  libshutdown2.o(.ARM.Collect$$libshutdown$$0000000C)
    __rt_entry                               0x08000219   Thumb Code     0  __rtentry.o(.ARM.Collect$$rtentry$$00000000)
    __rt_entry_presh_1                       0x08000219   Thumb Code     0  __rtentry2.o(.ARM.Collect$$rtentry$$00000002)
    __rt_entry_sh                            0x08000219   Thumb Code     0  __rtentry4.o(.ARM.Collect$$rtentry$$00000004)
    __rt_entry_li                            0x0800021f   Thumb Code     0  __rtentry2.o(.ARM.Collect$$rtentry$$0000000A)
    __rt_entry_postsh_1                      0x0800021f   Thumb Code     0  __rtentry2.o(.ARM.Collect$$rtentry$$00000009)
    __rt_entry_main                          0x08000223   Thumb Code     0  __rtentry2.o(.ARM.Collect$$rtentry$$0000000D)
    __rt_entry_postli_1                      0x08000223   Thumb Code     0  __rtentry2.o(.ARM.Collect$$rtentry$$0000000C)
    __rt_exit                                0x0800022b   Thumb Code     0  rtexit.o(.ARM.Collect$$rtexit$$00000000)
    __rt_exit_ls                             0x0800022d   Thumb Code     0  rtexit2.o(.ARM.Collect$$rtexit$$00000003)
    __rt_exit_prels_1                        0x0800022d   Thumb Code     0  rtexit2.o(.ARM.Collect$$rtexit$$00000002)
    __rt_exit_exit                           0x08000231   Thumb Code     0  rtexit2.o(.ARM.Collect$$rtexit$$00000004)
    Reset_Handler                            0x08000239   Thumb Code     8  startup_stm32f401xe.o(.text)
    ADC_IRQHandler                           0x08000253   Thumb Code     0  startup_stm32f401xe.o(.text)
    DMA1_Stream0_IRQHandler                  0x08000253   Thumb Code     0  startup_stm32f401xe.o(.text)
    DMA1_Stream1_IRQHandler                  0x08000253   Thumb Code     0  startup_stm32f401xe.o(.text)
    DMA1_Stream2_IRQHandler                  0x08000253   Thumb Code     0  startup_stm32f401xe.o(.text)
    DMA1_Stream3_IRQHandler                  0x08000253   Thumb Code     0  startup_stm32f401xe.o(.text)
    DMA1_Stream4_IRQHandler                  0x08000253   Thumb Code     0  startup_stm32f401xe.o(.text)
    DMA1_Stream5_IRQHandler                  0x08000253   Thumb Code     0  startup_stm32f401xe.o(.text)
    DMA1_Stream6_IRQHandler                  0x08000253   Thumb Code     0  startup_stm32f401xe.o(.text)
    DMA1_Stream7_IRQHandler                  0x08000253   Thumb Code     0  startup_stm32f401xe.o(.text)
    DMA2_Stream0_IRQHandler                  0x08000253   Thumb Code     0  startup_stm32f401xe.o(.text)
    DMA2_Stream1_IRQHandler                  0x08000253   Thumb Code     0  startup_stm32f401xe.o(.text)
    DMA2_Stream2_IRQHandler                  0x08000253   Thumb Code     0  startup_stm32f401xe.o(.text)
    DMA2_Stream3_IRQHandler                  0x08000253   Thumb Code     0  startup_stm32f401xe.o(.text)
    DMA2_Stream4_IRQHandler                  0x08000253   Thumb Code     0  startup_stm32f401xe.o(.text)
    DMA2_Stream5_IRQHandler                  0x08000253   Thumb Code     0  startup_stm32f401xe.o(.text)
    DMA2_Stream6_IRQHandler                  0x08000253   Thumb Code     0  startup_stm32f401xe.o(.text)
    DMA2_Stream7_IRQHandler                  0x08000253   Thumb Code     0  startup_stm32f401xe.o(.text)
    EXTI0_IRQHandler                         0x08000253   Thumb Code     0  startup_stm32f401xe.o(.text)
    EXTI15_10_IRQHandler                     0x08000253   Thumb Code     0  startup_stm32f401xe.o(.text)
    EXTI1_IRQHandler                         0x08000253   Thumb Code     0  startup_stm32f401xe.o(.text)
    EXTI2_IRQHandler                         0x08000253   Thumb Code     0  startup_stm32f401xe.o(.text)
    EXTI3_IRQHandler                         0x08000253   Thumb Code     0  startup_stm32f401xe.o(.text)
    EXTI4_IRQHandler                         0x08000253   Thumb Code     0  startup_stm32f401xe.o(.text)
    EXTI9_5_IRQHandler                       0x08000253   Thumb Code     0  startup_stm32f401xe.o(.text)
    FLASH_IRQHandler                         0x08000253   Thumb Code     0  startup_stm32f401xe.o(.text)
    FPU_IRQHandler                           0x08000253   Thumb Code     0  startup_stm32f401xe.o(.text)
    I2C1_ER_IRQHandler                       0x08000253   Thumb Code     0  startup_stm32f401xe.o(.text)
    I2C1_EV_IRQHandler                       0x08000253   Thumb Code     0  startup_stm32f401xe.o(.text)
    I2C2_ER_IRQHandler                       0x08000253   Thumb Code     0  startup_stm32f401xe.o(.text)
    I2C2_EV_IRQHandler                       0x08000253   Thumb Code     0  startup_stm32f401xe.o(.text)
    I2C3_ER_IRQHandler                       0x08000253   Thumb Code     0  startup_stm32f401xe.o(.text)
    I2C3_EV_IRQHandler                       0x08000253   Thumb Code     0  startup_stm32f401xe.o(.text)
    OTG_FS_IRQHandler                        0x08000253   Thumb Code     0  startup_stm32f401xe.o(.text)
    OTG_FS_WKUP_IRQHandler                   0x08000253   Thumb Code     0  startup_stm32f401xe.o(.text)
    PVD_IRQHandler                           0x08000253   Thumb Code     0  startup_stm32f401xe.o(.text)
    RCC_IRQHandler                           0x08000253   Thumb Code     0  startup_stm32f401xe.o(.text)
    RTC_Alarm_IRQHandler                     0x08000253   Thumb Code     0  startup_stm32f401xe.o(.text)
    RTC_WKUP_IRQHandler                      0x08000253   Thumb Code     0  startup_stm32f401xe.o(.text)
    SDIO_IRQHandler                          0x08000253   Thumb Code     0  startup_stm32f401xe.o(.text)
    SPI1_IRQHandler                          0x08000253   Thumb Code     0  startup_stm32f401xe.o(.text)
    SPI2_IRQHandler                          0x08000253   Thumb Code     0  startup_stm32f401xe.o(.text)
    SPI3_IRQHandler                          0x08000253   Thumb Code     0  startup_stm32f401xe.o(.text)
    SPI4_IRQHandler                          0x08000253   Thumb Code     0  startup_stm32f401xe.o(.text)
    TAMP_STAMP_IRQHandler                    0x08000253   Thumb Code     0  startup_stm32f401xe.o(.text)
    TIM1_BRK_TIM9_IRQHandler                 0x08000253   Thumb Code     0  startup_stm32f401xe.o(.text)
    TIM1_CC_IRQHandler                       0x08000253   Thumb Code     0  startup_stm32f401xe.o(.text)
    TIM1_TRG_COM_TIM11_IRQHandler            0x08000253   Thumb Code     0  startup_stm32f401xe.o(.text)
    TIM2_IRQHandler                          0x08000253   Thumb Code     0  startup_stm32f401xe.o(.text)
    TIM3_IRQHandler                          0x08000253   Thumb Code     0  startup_stm32f401xe.o(.text)
    TIM5_IRQHandler                          0x08000253   Thumb Code     0  startup_stm32f401xe.o(.text)
    USART1_IRQHandler                        0x08000253   Thumb Code     0  startup_stm32f401xe.o(.text)
    USART2_IRQHandler                        0x08000253   Thumb Code     0  startup_stm32f401xe.o(.text)
    USART6_IRQHandler                        0x08000253   Thumb Code     0  startup_stm32f401xe.o(.text)
    WWDG_IRQHandler                          0x08000253   Thumb Code     0  startup_stm32f401xe.o(.text)
    __user_initial_stackheap                 0x08000255   Thumb Code     0  startup_stm32f401xe.o(.text)
    __aeabi_uldivmod                         0x08000279   Thumb Code     0  lludivv7m.o(.text)
    _ll_udiv                                 0x08000279   Thumb Code   238  lludivv7m.o(.text)
    __aeabi_memclr4                          0x08000367   Thumb Code     0  rt_memclr_w.o(.text)
    __aeabi_memclr8                          0x08000367   Thumb Code     0  rt_memclr_w.o(.text)
    __rt_memclr_w                            0x08000367   Thumb Code    78  rt_memclr_w.o(.text)
    _memset_w                                0x0800036b   Thumb Code     0  rt_memclr_w.o(.text)
    __use_two_region_memory                  0x080003b5   Thumb Code     2  heapauxi.o(.text)
    __rt_heap_escrow$2region                 0x080003b7   Thumb Code     2  heapauxi.o(.text)
    __rt_heap_expand$2region                 0x080003b9   Thumb Code     2  heapauxi.o(.text)
    __cpp_initialize__aeabi_                 0x080003bd   Thumb Code    26  init_aeabi.o(.text)
    __user_setup_stackheap                   0x080003e1   Thumb Code    74  sys_stackheap_outer.o(.text)
    exit                                     0x0800042b   Thumb Code    18  exit.o(.text)
    __user_libspace                          0x0800043d   Thumb Code     8  libspace.o(.text)
    __user_perproc_libspace                  0x0800043d   Thumb Code     0  libspace.o(.text)
    __user_perthread_libspace                0x0800043d   Thumb Code     0  libspace.o(.text)
    _sys_exit                                0x08000445   Thumb Code     8  sys_exit.o(.text)
    __I$use$semihosting                      0x08000451   Thumb Code     0  use_no_semi.o(.text)
    __use_no_semihosting_swi                 0x08000451   Thumb Code     2  use_no_semi.o(.text)
    __semihosting_library_function           0x08000453   Thumb Code     0  indicate_semi.o(.text)
    AMT103_GetPulse                          0x08000455   Thumb Code    42  amt103_encoder.o(i.AMT103_GetPulse)
    AMT103_Init                              0x0800048d   Thumb Code    34  amt103_encoder.o(i.AMT103_Init)
    BusFault_Handler                         0x080004b9   Thumb Code     2  stm32f4xx_it.o(i.BusFault_Handler)
    DebugMon_Handler                         0x080004bb   Thumb Code     2  stm32f4xx_it.o(i.DebugMon_Handler)
    Error_Handler                            0x080004bd   Thumb Code     4  main.o(i.Error_Handler)
    HAL_GPIO_Init                            0x080004c1   Thumb Code   446  stm32f4xx_hal_gpio.o(i.HAL_GPIO_Init)
    HAL_GPIO_TogglePin                       0x080006a1   Thumb Code    16  stm32f4xx_hal_gpio.o(i.HAL_GPIO_TogglePin)
    HAL_GPIO_WritePin                        0x080006b1   Thumb Code    10  stm32f4xx_hal_gpio.o(i.HAL_GPIO_WritePin)
    HAL_GetTick                              0x080006bd   Thumb Code     6  stm32f4xx_hal.o(i.HAL_GetTick)
    HAL_IncTick                              0x080006c9   Thumb Code    12  stm32f4xx_hal.o(i.HAL_IncTick)
    HAL_Init                                 0x080006d9   Thumb Code    48  stm32f4xx_hal.o(i.HAL_Init)
    HAL_InitTick                             0x0800070d   Thumb Code    54  stm32f4xx_hal.o(i.HAL_InitTick)
    HAL_MspInit                              0x0800074d   Thumb Code    42  stm32f4xx_hal_msp.o(i.HAL_MspInit)
    HAL_NVIC_EnableIRQ                       0x0800077d   Thumb Code    26  stm32f4xx_hal_cortex.o(i.HAL_NVIC_EnableIRQ)
    HAL_NVIC_SetPriority                     0x08000799   Thumb Code    60  stm32f4xx_hal_cortex.o(i.HAL_NVIC_SetPriority)
    HAL_NVIC_SetPriorityGrouping             0x080007d9   Thumb Code    26  stm32f4xx_hal_cortex.o(i.HAL_NVIC_SetPriorityGrouping)
    HAL_RCC_ClockConfig                      0x080007fd   Thumb Code   288  stm32f4xx_hal_rcc.o(i.HAL_RCC_ClockConfig)
    HAL_RCC_GetSysClockFreq                  0x08000931   Thumb Code    88  stm32f4xx_hal_rcc.o(i.HAL_RCC_GetSysClockFreq)
    HAL_RCC_OscConfig                        0x08000991   Thumb Code   856  stm32f4xx_hal_rcc.o(i.HAL_RCC_OscConfig)
    HAL_SYSTICK_Config                       0x08000cfd   Thumb Code    40  stm32f4xx_hal_cortex.o(i.HAL_SYSTICK_Config)
    HAL_TIMEx_BreakCallback                  0x08000d25   Thumb Code     2  stm32f4xx_hal_tim_ex.o(i.HAL_TIMEx_BreakCallback)
    HAL_TIMEx_CommutCallback                 0x08000d27   Thumb Code     2  stm32f4xx_hal_tim_ex.o(i.HAL_TIMEx_CommutCallback)
    HAL_TIMEx_MasterConfigSynchronization    0x08000d29   Thumb Code   104  stm32f4xx_hal_tim_ex.o(i.HAL_TIMEx_MasterConfigSynchronization)
    HAL_TIM_Base_Init                        0x08000da5   Thumb Code    90  stm32f4xx_hal_tim.o(i.HAL_TIM_Base_Init)
    HAL_TIM_Base_MspInit                     0x08000e01   Thumb Code    98  tim.o(i.HAL_TIM_Base_MspInit)
    HAL_TIM_Base_Start_IT                    0x08000e71   Thumb Code    88  stm32f4xx_hal_tim.o(i.HAL_TIM_Base_Start_IT)
    HAL_TIM_ConfigClockSource                0x08000edd   Thumb Code   220  stm32f4xx_hal_tim.o(i.HAL_TIM_ConfigClockSource)
    HAL_TIM_Encoder_Init                     0x08000fb9   Thumb Code   164  stm32f4xx_hal_tim.o(i.HAL_TIM_Encoder_Init)
    HAL_TIM_Encoder_MspInit                  0x0800105d   Thumb Code   106  tim.o(i.HAL_TIM_Encoder_MspInit)
    HAL_TIM_Encoder_Start                    0x080010d5   Thumb Code   142  stm32f4xx_hal_tim.o(i.HAL_TIM_Encoder_Start)
    HAL_TIM_IC_CaptureCallback               0x08001163   Thumb Code     2  stm32f4xx_hal_tim.o(i.HAL_TIM_IC_CaptureCallback)
    HAL_TIM_IRQHandler                       0x08001165   Thumb Code   358  stm32f4xx_hal_tim.o(i.HAL_TIM_IRQHandler)
    HAL_TIM_MspPostInit                      0x080012cd   Thumb Code   108  tim.o(i.HAL_TIM_MspPostInit)
    HAL_TIM_OC_DelayElapsedCallback          0x08001349   Thumb Code     2  stm32f4xx_hal_tim.o(i.HAL_TIM_OC_DelayElapsedCallback)
    HAL_TIM_PWM_ConfigChannel                0x0800134b   Thumb Code   204  stm32f4xx_hal_tim.o(i.HAL_TIM_PWM_ConfigChannel)
    HAL_TIM_PWM_Init                         0x08001417   Thumb Code    90  stm32f4xx_hal_tim.o(i.HAL_TIM_PWM_Init)
    HAL_TIM_PWM_MspInit                      0x08001471   Thumb Code     2  stm32f4xx_hal_tim.o(i.HAL_TIM_PWM_MspInit)
    HAL_TIM_PWM_PulseFinishedCallback        0x08001473   Thumb Code     2  stm32f4xx_hal_tim.o(i.HAL_TIM_PWM_PulseFinishedCallback)
    HAL_TIM_PWM_Start                        0x08001475   Thumb Code   156  stm32f4xx_hal_tim.o(i.HAL_TIM_PWM_Start)
    HAL_TIM_PeriodElapsedCallback            0x08001525   Thumb Code    90  main.o(i.HAL_TIM_PeriodElapsedCallback)
    HAL_TIM_TriggerCallback                  0x080015a5   Thumb Code     2  stm32f4xx_hal_tim.o(i.HAL_TIM_TriggerCallback)
    HardFault_Handler                        0x080015a7   Thumb Code     2  stm32f4xx_it.o(i.HardFault_Handler)
    MX_GPIO_Init                             0x080015a9   Thumb Code   174  gpio.o(i.MX_GPIO_Init)
    MX_TIM1_Init                             0x08001665   Thumb Code    98  tim.o(i.MX_TIM1_Init)
    MX_TIM2_Init                             0x080016d1   Thumb Code   144  tim.o(i.MX_TIM2_Init)
    MX_TIM3_Init                             0x08001765   Thumb Code   146  tim.o(i.MX_TIM3_Init)
    MX_TIM4_Init                             0x08001801   Thumb Code    98  tim.o(i.MX_TIM4_Init)
    MemManage_Handler                        0x0800186d   Thumb Code     2  stm32f4xx_it.o(i.MemManage_Handler)
    NMI_Handler                              0x0800186f   Thumb Code     2  stm32f4xx_it.o(i.NMI_Handler)
    OverFlow                                 0x08001871   Thumb Code    22  amt103_encoder.o(i.OverFlow)
    PID_Init                                 0x08001891   Thumb Code    18  pid.o(i.PID_Init)
    PID_Process                              0x080018a5   Thumb Code   222  pid.o(i.PID_Process)
    PID_Reset                                0x08001989   Thumb Code    18  pid.o(i.PID_Reset)
    PendSV_Handler                           0x080019a1   Thumb Code     2  stm32f4xx_it.o(i.PendSV_Handler)
    Run                                      0x080019a5   Thumb Code    68  tesla.o(i.Run)
    SVC_Handler                              0x080019f5   Thumb Code     2  stm32f4xx_it.o(i.SVC_Handler)
    SysTick_Handler                          0x080019f9   Thumb Code    16  stm32f4xx_it.o(i.SysTick_Handler)
    SystemCoreClockUpdate                    0x08001a0d   Thumb Code   104  system_stm32f4xx.o(i.SystemCoreClockUpdate)
    SystemInit                               0x08001a85   Thumb Code    12  system_stm32f4xx.o(i.SystemInit)
    TIM1_UP_TIM10_IRQHandler                 0x08001a95   Thumb Code     6  stm32f4xx_it.o(i.TIM1_UP_TIM10_IRQHandler)
    TIM4_IRQHandler                          0x08001aa1   Thumb Code     6  stm32f4xx_it.o(i.TIM4_IRQHandler)
    TIM_Base_SetConfig                       0x08001aad   Thumb Code   122  stm32f4xx_hal_tim.o(i.TIM_Base_SetConfig)
    TIM_CCxChannelCmd                        0x08001b45   Thumb Code    26  stm32f4xx_hal_tim.o(i.TIM_CCxChannelCmd)
    TIM_ETR_SetConfig                        0x08001b5f   Thumb Code    20  stm32f4xx_hal_tim.o(i.TIM_ETR_SetConfig)
    TIM_OC2_SetConfig                        0x08001b75   Thumb Code    84  stm32f4xx_hal_tim.o(i.TIM_OC2_SetConfig)
    UsageFault_Handler                       0x08001bcd   Thumb Code     2  stm32f4xx_it.o(i.UsageFault_Handler)
    VNH5019_Init                             0x08001bd1   Thumb Code    36  vnh5019.o(i.VNH5019_Init)
    VNH5019_Run                              0x08001c01   Thumb Code    50  vnh5019.o(i.VNH5019_Run)
    Acceleration(float, float*, float, float) 0x08001c41   Thumb Code   254  tesla.o(i._Z12AccelerationfPfff)
    SystemClock_Config()                     0x08001d45   Thumb Code   138  main.o(i._Z18SystemClock_Configv)
    PIDAutotuner::PIDAutotuner()             0x08001dd9   Thumb Code    22  pidautotuner.o(i._ZN12PIDAutotunerC1Ev)
    PIDAutotuner::PIDAutotuner__sub_object() 0x08001dd9   Thumb Code     0  pidautotuner.o(i._ZN12PIDAutotunerC1Ev)
    std::fabs(float)                         0x08001f57   Thumb Code     6  tesla.o(i._ZSt4fabsf)
    main                                     0x08001f69   Thumb Code   138  main.o(i.main)
    __aeabi_d2f                              0x08002019   Thumb Code     0  d2f.o(x$fpl$d2f)
    _d2f                                     0x08002019   Thumb Code    98  d2f.o(x$fpl$d2f)
    __aeabi_dadd                             0x0800207d   Thumb Code     0  daddsub_clz.o(x$fpl$dadd)
    _dadd                                    0x0800207d   Thumb Code   332  daddsub_clz.o(x$fpl$dadd)
    __aeabi_dmul                             0x080021cd   Thumb Code     0  dmul.o(x$fpl$dmul)
    _dmul                                    0x080021cd   Thumb Code   332  dmul.o(x$fpl$dmul)
    __fpl_dnaninf                            0x08002321   Thumb Code   156  dnaninf.o(x$fpl$dnaninf)
    __fpl_dretinf                            0x080023bd   Thumb Code    12  dretinf.o(x$fpl$dretinf)
    __aeabi_dsub                             0x080023c9   Thumb Code     0  daddsub_clz.o(x$fpl$dsub)
    _dsub                                    0x080023c9   Thumb Code   464  daddsub_clz.o(x$fpl$dsub)
    __aeabi_f2d                              0x0800259d   Thumb Code     0  f2d.o(x$fpl$f2d)
    _f2d                                     0x0800259d   Thumb Code    86  f2d.o(x$fpl$f2d)
    __fpl_fnaninf                            0x080025f3   Thumb Code   140  fnaninf.o(x$fpl$fnaninf)
    _fp_init                                 0x0800267f   Thumb Code    10  fpinit.o(x$fpl$fpinit)
    __fplib_config_fpu_vfp                   0x08002687   Thumb Code     0  fpinit.o(x$fpl$fpinit)
    __fplib_config_pureend_doubles           0x08002687   Thumb Code     0  fpinit.o(x$fpl$fpinit)
    __fpl_fretinf                            0x08002689   Thumb Code    10  fretinf.o(x$fpl$fretinf)
    AHBPrescTable                            0x08002692   Data          16  system_stm32f4xx.o(.constdata)
    __I$use$fp                               0x08002692   Number         0  usenofp.o(x$fpl$usenofp)
    Region$$Table$$Base                      0x080026a4   Number         0  anon$$obj.o(Region$$Table)
    Region$$Table$$Limit                     0x080026c4   Number         0  anon$$obj.o(Region$$Table)
    SHT$$INIT_ARRAY$$Base                    0x080026c4   Number         0  user_main.o(.init_array)
    SHT$$INIT_ARRAY$$Limit                   0x080026c8   Number         0  init_aeabi.o(.init_array)
    start                                    0x20000000   Data           1  user_main.o(.data)
    kp                                       0x20000008   Data           8  user_main.o(.data)
    ki                                       0x20000010   Data           8  user_main.o(.data)
    kd                                       0x20000018   Data           8  user_main.o(.data)
    des_speed                                0x20000020   Data           4  main.o(.data)
    Micros                                   0x20000024   Data           4  main.o(.data)
    uwTickFreq                               0x20000028   Data           1  stm32f4xx_hal.o(.data)
    uwTickPrio                               0x2000002c   Data           4  stm32f4xx_hal.o(.data)
    uwTick                                   0x20000030   Data           4  stm32f4xx_hal.o(.data)
    SystemCoreClock                          0x20000034   Data           4  system_stm32f4xx.o(.data)
    overflow                                 0x20000038   Data           4  amt103_encoder.o(.data)
    encoder_pulse                            0x2000003c   Data           4  amt103_encoder.o(.data)
    encoder_pulse_last                       0x20000040   Data           4  amt103_encoder.o(.data)
    v_car                                    0x20000044   Data           4  amt103_encoder.o(.data)
    T                                        0x20000048   Data           8  tesla.o(.data)
    Velocity                                 0x20000050   Data           8  tesla.o(.data)
    tuner                                    0x20000058   Data          88  user_main.o(.bss)
    PID_Motor                                0x200000b0   Data          48  main.o(.bss)
    htim1                                    0x200000e0   Data          72  tim.o(.bss)
    htim2                                    0x20000128   Data          72  tim.o(.bss)
    htim3                                    0x20000170   Data          72  tim.o(.bss)
    htim4                                    0x200001b8   Data          72  tim.o(.bss)
    __libspace_start                         0x20000200   Data          96  libspace.o(.bss)
    __temporary_stack_top$libspace           0x20000260   Data           0  libspace.o(.bss)



==============================================================================

Memory Map of the image

  Image Entry point : 0x08000195

  Load Region LR_IROM1 (Base: 0x08000000, Size: 0x00002720, Max: 0x00080000, ABSOLUTE)

    Execution Region ER_IROM1 (Base: 0x08000000, Size: 0x000026c8, Max: 0x00080000, ABSOLUTE)

    Base Addr    Size         Type   Attr      Idx    E Section Name        Object

    0x08000000   0x00000194   Data   RO            3    RESET               startup_stm32f401xe.o
    0x08000194   0x00000008   Code   RO         3361  * !!!main             c_w.l(__main.o)
    0x0800019c   0x00000034   Code   RO         3573    !!!scatter          c_w.l(__scatter.o)
    0x080001d0   0x0000001a   Code   RO         3575    !!handler_copy      c_w.l(__scatter_copy.o)
    0x080001ea   0x00000002   PAD
    0x080001ec   0x0000001c   Code   RO         3577    !!handler_zi        c_w.l(__scatter_zi.o)
    0x08000208   0x00000002   Code   RO         3496    .ARM.Collect$$libinit$$00000000  c_w.l(libinit.o)
    0x0800020a   0x00000004   Code   RO         3404    .ARM.Collect$$libinit$$00000001  c_w.l(libinit2.o)
    0x0800020e   0x00000000   Code   RO         3407    .ARM.Collect$$libinit$$00000004  c_w.l(libinit2.o)
    0x0800020e   0x00000000   Code   RO         3410    .ARM.Collect$$libinit$$0000000A  c_w.l(libinit2.o)
    0x0800020e   0x00000000   Code   RO         3412    .ARM.Collect$$libinit$$0000000C  c_w.l(libinit2.o)
    0x0800020e   0x00000000   Code   RO         3414    .ARM.Collect$$libinit$$0000000E  c_w.l(libinit2.o)
    0x0800020e   0x00000000   Code   RO         3417    .ARM.Collect$$libinit$$00000011  c_w.l(libinit2.o)
    0x0800020e   0x00000000   Code   RO         3419    .ARM.Collect$$libinit$$00000013  c_w.l(libinit2.o)
    0x0800020e   0x00000000   Code   RO         3421    .ARM.Collect$$libinit$$00000015  c_w.l(libinit2.o)
    0x0800020e   0x00000000   Code   RO         3423    .ARM.Collect$$libinit$$00000017  c_w.l(libinit2.o)
    0x0800020e   0x00000000   Code   RO         3425    .ARM.Collect$$libinit$$00000019  c_w.l(libinit2.o)
    0x0800020e   0x00000000   Code   RO         3427    .ARM.Collect$$libinit$$0000001B  c_w.l(libinit2.o)
    0x0800020e   0x00000000   Code   RO         3429    .ARM.Collect$$libinit$$0000001D  c_w.l(libinit2.o)
    0x0800020e   0x00000000   Code   RO         3431    .ARM.Collect$$libinit$$0000001F  c_w.l(libinit2.o)
    0x0800020e   0x00000000   Code   RO         3433    .ARM.Collect$$libinit$$00000021  c_w.l(libinit2.o)
    0x0800020e   0x00000000   Code   RO         3435    .ARM.Collect$$libinit$$00000023  c_w.l(libinit2.o)
    0x0800020e   0x00000000   Code   RO         3437    .ARM.Collect$$libinit$$00000025  c_w.l(libinit2.o)
    0x0800020e   0x00000000   Code   RO         3441    .ARM.Collect$$libinit$$0000002C  c_w.l(libinit2.o)
    0x0800020e   0x00000000   Code   RO         3443    .ARM.Collect$$libinit$$0000002E  c_w.l(libinit2.o)
    0x0800020e   0x00000000   Code   RO         3445    .ARM.Collect$$libinit$$00000030  c_w.l(libinit2.o)
    0x0800020e   0x00000004   Code   RO         3446    .ARM.Collect$$libinit$$00000031  c_w.l(libinit2.o)
    0x08000212   0x00000000   Code   RO         3447    .ARM.Collect$$libinit$$00000032  c_w.l(libinit2.o)
    0x08000212   0x00000002   Code   RO         3448    .ARM.Collect$$libinit$$00000033  c_w.l(libinit2.o)
    0x08000214   0x00000002   Code   RO         3540    .ARM.Collect$$libshutdown$$00000000  c_w.l(libshutdown.o)
    0x08000216   0x00000000   Code   RO         3556    .ARM.Collect$$libshutdown$$00000002  c_w.l(libshutdown2.o)
    0x08000216   0x00000000   Code   RO         3558    .ARM.Collect$$libshutdown$$00000004  c_w.l(libshutdown2.o)
    0x08000216   0x00000000   Code   RO         3561    .ARM.Collect$$libshutdown$$00000007  c_w.l(libshutdown2.o)
    0x08000216   0x00000000   Code   RO         3564    .ARM.Collect$$libshutdown$$0000000A  c_w.l(libshutdown2.o)
    0x08000216   0x00000000   Code   RO         3566    .ARM.Collect$$libshutdown$$0000000C  c_w.l(libshutdown2.o)
    0x08000216   0x00000000   Code   RO         3569    .ARM.Collect$$libshutdown$$0000000F  c_w.l(libshutdown2.o)
    0x08000216   0x00000002   Code   RO         3570    .ARM.Collect$$libshutdown$$00000010  c_w.l(libshutdown2.o)
    0x08000218   0x00000000   Code   RO         3399    .ARM.Collect$$rtentry$$00000000  c_w.l(__rtentry.o)
    0x08000218   0x00000000   Code   RO         3459    .ARM.Collect$$rtentry$$00000002  c_w.l(__rtentry2.o)
    0x08000218   0x00000006   Code   RO         3471    .ARM.Collect$$rtentry$$00000004  c_w.l(__rtentry4.o)
    0x0800021e   0x00000000   Code   RO         3461    .ARM.Collect$$rtentry$$00000009  c_w.l(__rtentry2.o)
    0x0800021e   0x00000004   Code   RO         3462    .ARM.Collect$$rtentry$$0000000A  c_w.l(__rtentry2.o)
    0x08000222   0x00000000   Code   RO         3464    .ARM.Collect$$rtentry$$0000000C  c_w.l(__rtentry2.o)
    0x08000222   0x00000008   Code   RO         3465    .ARM.Collect$$rtentry$$0000000D  c_w.l(__rtentry2.o)
    0x0800022a   0x00000002   Code   RO         3502    .ARM.Collect$$rtexit$$00000000  c_w.l(rtexit.o)
    0x0800022c   0x00000000   Code   RO         3522    .ARM.Collect$$rtexit$$00000002  c_w.l(rtexit2.o)
    0x0800022c   0x00000004   Code   RO         3523    .ARM.Collect$$rtexit$$00000003  c_w.l(rtexit2.o)
    0x08000230   0x00000006   Code   RO         3524    .ARM.Collect$$rtexit$$00000004  c_w.l(rtexit2.o)
    0x08000236   0x00000002   PAD
    0x08000238   0x00000040   Code   RO            4    .text               startup_stm32f401xe.o
    0x08000278   0x000000ee   Code   RO         3355    .text               c_w.l(lludivv7m.o)
    0x08000366   0x0000004e   Code   RO         3357    .text               c_w.l(rt_memclr_w.o)
    0x080003b4   0x00000006   Code   RO         3359    .text               c_w.l(heapauxi.o)
    0x080003ba   0x00000002   PAD
    0x080003bc   0x00000024   Code   RO         3366    .text               c_w.l(init_aeabi.o)
    0x080003e0   0x0000004a   Code   RO         3479    .text               c_w.l(sys_stackheap_outer.o)
    0x0800042a   0x00000012   Code   RO         3481    .text               c_w.l(exit.o)
    0x0800043c   0x00000008   Code   RO         3499    .text               c_w.l(libspace.o)
    0x08000444   0x0000000c   Code   RO         3516    .text               c_w.l(sys_exit.o)
    0x08000450   0x00000002   Code   RO         3518    .text               c_w.l(use_no_semi.o)
    0x08000452   0x00000000   Code   RO         3520    .text               c_w.l(indicate_semi.o)
    0x08000452   0x00000002   PAD
    0x08000454   0x00000038   Code   RO         3044    i.AMT103_GetPulse   amt103_encoder.o
    0x0800048c   0x0000002c   Code   RO         3045    i.AMT103_Init       amt103_encoder.o
    0x080004b8   0x00000002   Code   RO          376    i.BusFault_Handler  stm32f4xx_it.o
    0x080004ba   0x00000002   Code   RO          377    i.DebugMon_Handler  stm32f4xx_it.o
    0x080004bc   0x00000004   Code   RO          169    i.Error_Handler     main.o
    0x080004c0   0x000001e0   Code   RO         2059    i.HAL_GPIO_Init     stm32f4xx_hal_gpio.o
    0x080006a0   0x00000010   Code   RO         2062    i.HAL_GPIO_TogglePin  stm32f4xx_hal_gpio.o
    0x080006b0   0x0000000a   Code   RO         2063    i.HAL_GPIO_WritePin  stm32f4xx_hal_gpio.o
    0x080006ba   0x00000002   PAD
    0x080006bc   0x0000000c   Code   RO         2688    i.HAL_GetTick       stm32f4xx_hal.o
    0x080006c8   0x00000010   Code   RO         2694    i.HAL_IncTick       stm32f4xx_hal.o
    0x080006d8   0x00000034   Code   RO         2695    i.HAL_Init          stm32f4xx_hal.o
    0x0800070c   0x00000040   Code   RO         2696    i.HAL_InitTick      stm32f4xx_hal.o
    0x0800074c   0x00000030   Code   RO          475    i.HAL_MspInit       stm32f4xx_hal_msp.o
    0x0800077c   0x0000001a   Code   RO         2526    i.HAL_NVIC_EnableIRQ  stm32f4xx_hal_cortex.o
    0x08000796   0x00000002   PAD
    0x08000798   0x00000040   Code   RO         2532    i.HAL_NVIC_SetPriority  stm32f4xx_hal_cortex.o
    0x080007d8   0x00000024   Code   RO         2533    i.HAL_NVIC_SetPriorityGrouping  stm32f4xx_hal_cortex.o
    0x080007fc   0x00000134   Code   RO         1633    i.HAL_RCC_ClockConfig  stm32f4xx_hal_rcc.o
    0x08000930   0x00000060   Code   RO         1642    i.HAL_RCC_GetSysClockFreq  stm32f4xx_hal_rcc.o
    0x08000990   0x0000036c   Code   RO         1645    i.HAL_RCC_OscConfig  stm32f4xx_hal_rcc.o
    0x08000cfc   0x00000028   Code   RO         2537    i.HAL_SYSTICK_Config  stm32f4xx_hal_cortex.o
    0x08000d24   0x00000002   Code   RO         1323    i.HAL_TIMEx_BreakCallback  stm32f4xx_hal_tim_ex.o
    0x08000d26   0x00000002   Code   RO         1324    i.HAL_TIMEx_CommutCallback  stm32f4xx_hal_tim_ex.o
    0x08000d28   0x0000007c   Code   RO         1342    i.HAL_TIMEx_MasterConfigSynchronization  stm32f4xx_hal_tim_ex.o
    0x08000da4   0x0000005a   Code   RO          502    i.HAL_TIM_Base_Init  stm32f4xx_hal_tim.o
    0x08000dfe   0x00000002   PAD
    0x08000e00   0x00000070   Code   RO          290    i.HAL_TIM_Base_MspInit  tim.o
    0x08000e70   0x0000006c   Code   RO          507    i.HAL_TIM_Base_Start_IT  stm32f4xx_hal_tim.o
    0x08000edc   0x000000dc   Code   RO          511    i.HAL_TIM_ConfigClockSource  stm32f4xx_hal_tim.o
    0x08000fb8   0x000000a4   Code   RO          523    i.HAL_TIM_Encoder_Init  stm32f4xx_hal_tim.o
    0x0800105c   0x00000078   Code   RO          292    i.HAL_TIM_Encoder_MspInit  tim.o
    0x080010d4   0x0000008e   Code   RO          526    i.HAL_TIM_Encoder_Start  stm32f4xx_hal_tim.o
    0x08001162   0x00000002   Code   RO          536    i.HAL_TIM_IC_CaptureCallback  stm32f4xx_hal_tim.o
    0x08001164   0x00000166   Code   RO          550    i.HAL_TIM_IRQHandler  stm32f4xx_hal_tim.o
    0x080012ca   0x00000002   PAD
    0x080012cc   0x0000007c   Code   RO          293    i.HAL_TIM_MspPostInit  tim.o
    0x08001348   0x00000002   Code   RO          553    i.HAL_TIM_OC_DelayElapsedCallback  stm32f4xx_hal_tim.o
    0x0800134a   0x000000cc   Code   RO          574    i.HAL_TIM_PWM_ConfigChannel  stm32f4xx_hal_tim.o
    0x08001416   0x0000005a   Code   RO          577    i.HAL_TIM_PWM_Init  stm32f4xx_hal_tim.o
    0x08001470   0x00000002   Code   RO          579    i.HAL_TIM_PWM_MspInit  stm32f4xx_hal_tim.o
    0x08001472   0x00000002   Code   RO          580    i.HAL_TIM_PWM_PulseFinishedCallback  stm32f4xx_hal_tim.o
    0x08001474   0x000000b0   Code   RO          582    i.HAL_TIM_PWM_Start  stm32f4xx_hal_tim.o
    0x08001524   0x00000080   Code   RO          170    i.HAL_TIM_PeriodElapsedCallback  main.o
    0x080015a4   0x00000002   Code   RO          593    i.HAL_TIM_TriggerCallback  stm32f4xx_hal_tim.o
    0x080015a6   0x00000002   Code   RO          378    i.HardFault_Handler  stm32f4xx_it.o
    0x080015a8   0x000000bc   Code   RO          264    i.MX_GPIO_Init      gpio.o
    0x08001664   0x0000006c   Code   RO          294    i.MX_TIM1_Init      tim.o
    0x080016d0   0x00000094   Code   RO          295    i.MX_TIM2_Init      tim.o
    0x08001764   0x0000009c   Code   RO          296    i.MX_TIM3_Init      tim.o
    0x08001800   0x0000006c   Code   RO          297    i.MX_TIM4_Init      tim.o
    0x0800186c   0x00000002   Code   RO          379    i.MemManage_Handler  stm32f4xx_it.o
    0x0800186e   0x00000002   Code   RO          380    i.NMI_Handler       stm32f4xx_it.o
    0x08001870   0x00000020   Code   RO         3046    i.OverFlow          amt103_encoder.o
    0x08001890   0x00000012   Code   RO         3214    i.PID_Init          pid.o
    0x080018a2   0x00000002   PAD
    0x080018a4   0x000000e4   Code   RO         3215    i.PID_Process       pid.o
    0x08001988   0x00000018   Code   RO         3216    i.PID_Reset         pid.o
    0x080019a0   0x00000002   Code   RO          381    i.PendSV_Handler    stm32f4xx_it.o
    0x080019a2   0x00000002   PAD
    0x080019a4   0x00000050   Code   RO         3090    i.Run               tesla.o
    0x080019f4   0x00000002   Code   RO          382    i.SVC_Handler       stm32f4xx_it.o
    0x080019f6   0x00000002   PAD
    0x080019f8   0x00000014   Code   RO          383    i.SysTick_Handler   stm32f4xx_it.o
    0x08001a0c   0x00000078   Code   RO         2969    i.SystemCoreClockUpdate  system_stm32f4xx.o
    0x08001a84   0x00000010   Code   RO         2970    i.SystemInit        system_stm32f4xx.o
    0x08001a94   0x0000000c   Code   RO          384    i.TIM1_UP_TIM10_IRQHandler  stm32f4xx_it.o
    0x08001aa0   0x0000000c   Code   RO          385    i.TIM4_IRQHandler   stm32f4xx_it.o
    0x08001aac   0x00000098   Code   RO          595    i.TIM_Base_SetConfig  stm32f4xx_hal_tim.o
    0x08001b44   0x0000001a   Code   RO          596    i.TIM_CCxChannelCmd  stm32f4xx_hal_tim.o
    0x08001b5e   0x00000014   Code   RO          601    i.TIM_ETR_SetConfig  stm32f4xx_hal_tim.o
    0x08001b72   0x00000002   PAD
    0x08001b74   0x00000058   Code   RO          602    i.TIM_OC2_SetConfig  stm32f4xx_hal_tim.o
    0x08001bcc   0x00000002   Code   RO          386    i.UsageFault_Handler  stm32f4xx_it.o
    0x08001bce   0x00000002   PAD
    0x08001bd0   0x00000030   Code   RO         3009    i.VNH5019_Init      vnh5019.o
    0x08001c00   0x00000040   Code   RO         3010    i.VNH5019_Run       vnh5019.o
    0x08001c40   0x00000104   Code   RO         3091    i._Z12AccelerationfPfff  tesla.o
    0x08001d44   0x00000094   Code   RO          171    i._Z18SystemClock_Configv  main.o
    0x08001dd8   0x0000001c   Code   RO         3269    i._ZN12PIDAutotunerC1Ev  pidautotuner.o
    0x08001df4   0x00000050   Code   RO          604    i._ZN41_INTERNAL_19_stm32f4xx_hal_tim_c_a9d95b5217TIM_OC1_SetConfigEP11TIM_TypeDefP18TIM_OC_InitTypeDef  stm32f4xx_hal_tim.o
    0x08001e44   0x00000058   Code   RO          605    i._ZN41_INTERNAL_19_stm32f4xx_hal_tim_c_a9d95b5217TIM_OC3_SetConfigEP11TIM_TypeDefP18TIM_OC_InitTypeDef  stm32f4xx_hal_tim.o
    0x08001e9c   0x00000044   Code   RO          606    i._ZN41_INTERNAL_19_stm32f4xx_hal_tim_c_a9d95b5217TIM_OC4_SetConfigEP11TIM_TypeDefP18TIM_OC_InitTypeDef  stm32f4xx_hal_tim.o
    0x08001ee0   0x00000010   Code   RO          609    i._ZN41_INTERNAL_19_stm32f4xx_hal_tim_c_a9d95b5218TIM_ITRx_SetConfigEP11TIM_TypeDefj  stm32f4xx_hal_tim.o
    0x08001ef0   0x00000022   Code   RO          614    i._ZN41_INTERNAL_19_stm32f4xx_hal_tim_c_a9d95b5224TIM_TI1_ConfigInputStageEP11TIM_TypeDefjj  stm32f4xx_hal_tim.o
    0x08001f12   0x00000024   Code   RO          615    i._ZN41_INTERNAL_19_stm32f4xx_hal_tim_c_a9d95b5224TIM_TI2_ConfigInputStageEP11TIM_TypeDefjj  stm32f4xx_hal_tim.o
    0x08001f36   0x00000020   Code   RO         2539    i._ZN44_INTERNAL_22_stm32f4xx_hal_cortex_c_2992dbc018__NVIC_SetPriorityE9IRQn_Typej  stm32f4xx_hal_cortex.o
    0x08001f56   0x00000006   Code   RO         3125    i._ZSt4fabsf        tesla.o
    0x08001f5c   0x0000000c   Code   RO           15    i.__sti___13_user_main_cpp_tuner  user_main.o
    0x08001f68   0x000000b0   Code   RO          172    i.main              main.o
    0x08002018   0x00000062   Code   RO         3369    x$fpl$d2f           fz_wm.l(d2f.o)
    0x0800207a   0x00000002   PAD
    0x0800207c   0x00000150   Code   RO         3371    x$fpl$dadd          fz_wm.l(daddsub_clz.o)
    0x080021cc   0x00000154   Code   RO         3395    x$fpl$dmul          fz_wm.l(dmul.o)
    0x08002320   0x0000009c   Code   RO         3449    x$fpl$dnaninf       fz_wm.l(dnaninf.o)
    0x080023bc   0x0000000c   Code   RO         3451    x$fpl$dretinf       fz_wm.l(dretinf.o)
    0x080023c8   0x000001d4   Code   RO         3373    x$fpl$dsub          fz_wm.l(daddsub_clz.o)
    0x0800259c   0x00000056   Code   RO         3397    x$fpl$f2d           fz_wm.l(f2d.o)
    0x080025f2   0x0000008c   Code   RO         3453    x$fpl$fnaninf       fz_wm.l(fnaninf.o)
    0x0800267e   0x0000000a   Code   RO         3477    x$fpl$fpinit        fz_wm.l(fpinit.o)
    0x08002688   0x0000000a   Code   RO         3455    x$fpl$fretinf       fz_wm.l(fretinf.o)
    0x08002692   0x00000000   Code   RO         3457    x$fpl$usenofp       fz_wm.l(usenofp.o)
    0x08002692   0x00000010   Data   RO         2973    .constdata          system_stm32f4xx.o
    0x080026a2   0x00000002   PAD
    0x080026a4   0x00000020   Data   RO         3571    Region$$Table       anon$$obj.o
    0x080026c4   0x00000004   Data   RO           21    .init_array         user_main.o
    0x080026c8   0x00000000   Data   RO         3364    .init_array         c_w.l(init_aeabi.o)


    Execution Region RW_IRAM1 (Base: 0x20000000, Size: 0x00000860, Max: 0x00018000, ABSOLUTE)

    Base Addr    Size         Type   Attr      Idx    E Section Name        Object

    0x20000000   0x00000020   Data   RW           20    .data               user_main.o
    0x20000020   0x00000008   Data   RW          180    .data               main.o
    0x20000028   0x0000000c   Data   RW         2729    .data               stm32f4xx_hal.o
    0x20000034   0x00000004   Data   RW         2975    .data               system_stm32f4xx.o
    0x20000038   0x00000010   Data   RW         3050    .data               amt103_encoder.o
    0x20000048   0x00000010   Data   RW         3095    .data               tesla.o
    0x20000058   0x00000058   Zero   RW           19    .bss                user_main.o
    0x200000b0   0x00000030   Zero   RW          179    .bss                main.o
    0x200000e0   0x00000120   Zero   RW          307    .bss                tim.o
    0x20000200   0x00000060   Zero   RW         3500    .bss                c_w.l(libspace.o)
    0x20000260   0x00000200   Zero   RW            2    HEAP                startup_stm32f401xe.o
    0x20000460   0x00000400   Zero   RW            1    STACK               startup_stm32f401xe.o


==============================================================================

Image component sizes


      Code (inc. data)   RO Data    RW Data    ZI Data      Debug   Object Name

       132         34          0         16          0       2401   amt103_encoder.o
       188         14          0          0          0       1015   gpio.o
       456         86          0          8         48      34242   main.o
       270         12          0          0          0       2876   pid.o
        28          6          0          0          0       1812   pidautotuner.o
        64         26        404          0       1536        848   startup_stm32f401xe.o
       144         24          0         12          0       8693   stm32f4xx_hal.o
       198         14          0          0          0      33979   stm32f4xx_hal_cortex.o
       506         34          0          0          0       2865   stm32f4xx_hal_gpio.o
        48          6          0          0          0        890   stm32f4xx_hal_msp.o
      1280         48          0          0          0       4090   stm32f4xx_hal_rcc.o
      2170         90          0          0          0      18841   stm32f4xx_hal_tim.o
       128         20          0          0          0       2497   stm32f4xx_hal_tim_ex.o
        60         16          0          0          0       5207   stm32f4xx_it.o
       136         20         16          4          0       1919   system_stm32f4xx.o
       346         18          0         16          0       3125   tesla.o
       876         78          0          0        288       5397   tim.o
        12          6          4         32         88     409283   user_main.o
       112         26          0          0          0       1193   vnh5019.o

    ----------------------------------------------------------------------
      7172        578        458         88       1960     541173   Object Totals
         0          0         32          0          0          0   (incl. Generated)
        18          0          2          0          0          0   (incl. Padding)

    ----------------------------------------------------------------------

      Code (inc. data)   RO Data    RW Data    ZI Data      Debug   Library Member Name

         8          0          0          0          0         68   __main.o
         0          0          0          0          0          0   __rtentry.o
        12          0          0          0          0          0   __rtentry2.o
         6          0          0          0          0          0   __rtentry4.o
        52          8          0          0          0          0   __scatter.o
        26          0          0          0          0          0   __scatter_copy.o
        28          0          0          0          0          0   __scatter_zi.o
        18          0          0          0          0         80   exit.o
         6          0          0          0          0        152   heapauxi.o
         0          0          0          0          0          0   indicate_semi.o
        36         10          0          0          0         80   init_aeabi.o
         2          0          0          0          0          0   libinit.o
        10          0          0          0          0          0   libinit2.o
         2          0          0          0          0          0   libshutdown.o
         2          0          0          0          0          0   libshutdown2.o
         8          4          0          0         96         68   libspace.o
       238          0          0          0          0        100   lludivv7m.o
        78          0          0          0          0         80   rt_memclr_w.o
         2          0          0          0          0          0   rtexit.o
        10          0          0          0          0          0   rtexit2.o
        12          4          0          0          0         68   sys_exit.o
        74          0          0          0          0         80   sys_stackheap_outer.o
         2          0          0          0          0         68   use_no_semi.o
        98          4          0          0          0        140   d2f.o
       804         16          0          0          0        368   daddsub_clz.o
       340         12          0          0          0        152   dmul.o
       156          4          0          0          0        140   dnaninf.o
        12          0          0          0          0        116   dretinf.o
        86          4          0          0          0        132   f2d.o
       140          4          0          0          0        132   fnaninf.o
        10          0          0          0          0        116   fpinit.o
        10          0          0          0          0        116   fretinf.o
         0          0          0          0          0          0   usenofp.o

    ----------------------------------------------------------------------
      2298         70          0          0         96       2256   Library Totals
        10          0          0          0          0          0   (incl. Padding)

    ----------------------------------------------------------------------

      Code (inc. data)   RO Data    RW Data    ZI Data      Debug   Library Name

       632         26          0          0         96        844   c_w.l
      1656         44          0          0          0       1412   fz_wm.l

    ----------------------------------------------------------------------
      2298         70          0          0         96       2256   Library Totals

    ----------------------------------------------------------------------

==============================================================================


      Code (inc. data)   RO Data    RW Data    ZI Data      Debug   

      9470        648        458         88       2056     535117   Grand Totals
      9470        648        458         88       2056     535117   ELF Image Totals
      9470        648        458         88          0          0   ROM Totals

==============================================================================

    Total RO  Size (Code + RO Data)                 9928 (   9.70kB)
    Total RW  Size (RW Data + ZI Data)              2144 (   2.09kB)
    Total ROM Size (Code + RO Data + RW Data)      10016 (   9.78kB)

==============================================================================

